<!doctype html public "-//w3c//dtd html 4.0 transitional//en">
<html><head>
<title>Static Call Graph - [cwpro\cwpro.axf]</title></head>
<body><HR>
<H1>Static Call Graph for image cwpro\cwpro.axf</H1><HR>
<BR><P>#&#060CALLGRAPH&#062# ARM Linker, 5060750: Last Updated: Sat Jan 27 14:39:27 2024
<BR><P>
<H3>Maximum Stack Usage =       1524 bytes + Unknown(Functions without stacksize, Cycles, Untraceable Function Pointers)</H3><H3>
Call chain for Maximum Stack Depth:</H3>
StartTask_main &rArr; invokeSeleImgWin &rArr; emwin_displaypng &rArr; GUI_PNG_Draw &rArr; GUI_PNG_DrawEx &rArr; _Draw &rArr; _GetImageHeader &rArr; png_destroy_read_struct &rArr; png_read_destroy &rArr; png_info_destroy &rArr; png_info_init_3 &rArr; png_create_struct &rArr; png_create_struct_2 &rArr; malloc
<P>
<H3>
Functions with no stack information
</H3><UL>
 <LI><a href="#[83]">BUTTON_Callback</a>
 <LI><a href="#[150]">BUTTON_CreateEx</a>
 <LI><a href="#[d7]">BUTTON_CreateIndirect</a>
 <LI><a href="#[151]">BUTTON_CreateUser</a>
 <LI><a href="#[19]">BUTTON_DrawSkinFlex</a>
 <LI><a href="#[166]">BUTTON_IsPressed</a>
 <LI><a href="#[4e0]">BUTTON_SetDefaultSkin</a>
 <LI><a href="#[167]">BUTTON_SetFont</a>
 <LI><a href="#[169]">BUTTON_SetSkinClassic</a>
 <LI><a href="#[152]">BUTTON_SetText</a>
 <LI><a href="#[16b]">BUTTON_SetTextColor</a>
 <LI><a href="#[16c]">EDIT_AddKey</a>
 <LI><a href="#[84]">EDIT_Callback</a>
 <LI><a href="#[17d]">EDIT_CreateEx</a>
 <LI><a href="#[17e]">EDIT_CreateUser</a>
 <LI><a href="#[17c]">EDIT_SetCursorAtPixel</a>
 <LI><a href="#[184]">EDIT_SetFont</a>
 <LI><a href="#[185]">EDIT_SetInsertMode</a>
 <LI><a href="#[170]">EDIT__SetCursorPos</a>
 <LI><a href="#[85]">FRAMEWIN_Callback</a>
 <LI><a href="#[193]">FRAMEWIN_CreateEx</a>
 <LI><a href="#[d6]">FRAMEWIN_CreateIndirect</a>
 <LI><a href="#[194]">FRAMEWIN_CreateUser</a>
 <LI><a href="#[1b]">FRAMEWIN_DrawSkinFlex</a>
 <LI><a href="#[197]">FRAMEWIN_GetActive</a>
 <LI><a href="#[18f]">FRAMEWIN_SetActive</a>
 <LI><a href="#[19b]">FRAMEWIN_SetClientColor</a>
 <LI><a href="#[4e1]">FRAMEWIN_SetDefaultSkin</a>
 <LI><a href="#[4e2]">FRAMEWIN_SetDefaultTextAlign</a>
 <LI><a href="#[19c]">FRAMEWIN_SetFont</a>
 <LI><a href="#[196]">FRAMEWIN_SetText</a>
 <LI><a href="#[1a0]">FRAMEWIN_SetTextAlign</a>
 <LI><a href="#[1a1]">FRAMEWIN_SetTextColor</a>
 <LI><a href="#[1a2]">FRAMEWIN_SetTitleHeight</a>
 <LI><a href="#[186]">FRAMEWIN__CalcPositions</a>
 <LI><a href="#[19d]">FRAMEWIN__CalcTitleHeight</a>
 <LI><a href="#[1a]">FRAMEWIN__GetBorderSize</a>
 <LI><a href="#[1a6]">FRAMEWIN__GetTitleLimits</a>
 <LI><a href="#[19f]">FRAMEWIN__UpdateButtons</a>
 <LI><a href="#[19e]">FRAMEWIN__UpdatePositions</a>
 <LI><a href="#[1b2]">GL_DrawBitmap</a>
 <LI><a href="#[1b5]">GL_SetDefault</a>
 <LI><a href="#[f5]">GUIMONO_DispChar</a>
 <LI><a href="#[f6]">GUIMONO_GetCharDistX</a>
 <LI><a href="#[f7]">GUIMONO_GetFontInfo</a>
 <LI><a href="#[f8]">GUIMONO_IsInFont</a>
 <LI><a href="#[f1]">GUIPROP_DispChar</a>
 <LI><a href="#[f2]">GUIPROP_GetCharDistX</a>
 <LI><a href="#[f3]">GUIPROP_GetFontInfo</a>
 <LI><a href="#[f4]">GUIPROP_IsInFont</a>
 <LI><a href="#[1bc]">GUIPROP__FindChar</a>
 <LI><a href="#[1bf]">GUITASK_CopyContext</a>
 <LI><a href="#[1c1]">GUITASK_Init</a>
 <LI><a href="#[1c5]">GUI_ALLOC_AllocNoInit</a>
 <LI><a href="#[1c7]">GUI_ALLOC_AllocZero</a>
 <LI><a href="#[367]">GUI_ALLOC_AssignMemory</a>
 <LI><a href="#[1c8]">GUI_ALLOC_Free</a>
 <LI><a href="#[1e6]">GUI_ALLOC_FreeFixedBlock</a>
 <LI><a href="#[14a]">GUI_ALLOC_FreePtr</a>
 <LI><a href="#[14b]">GUI_ALLOC_FreePtrArray</a>
 <LI><a href="#[1c3]">GUI_ALLOC_GetFixedBlock</a>
 <LI><a href="#[1ce]">GUI_ALLOC_GetMaxSize</a>
 <LI><a href="#[1d1]">GUI_ALLOC_GetSize</a>
 <LI><a href="#[1eb]">GUI_ALLOC_Lock</a>
 <LI><a href="#[148]">GUI_ALLOC_LockH</a>
 <LI><a href="#[1d0]">GUI_ALLOC_Realloc</a>
 <LI><a href="#[1d2]">GUI_ALLOC_RequestSize</a>
 <LI><a href="#[368]">GUI_ALLOC_SetAvBlockSize</a>
 <LI><a href="#[1ed]">GUI_ALLOC_Unlock</a>
 <LI><a href="#[149]">GUI_ALLOC_UnlockH</a>
 <LI><a href="#[1cf]">GUI_ALLOC_h2p</a>
 <LI><a href="#[33b]">GUI_ALLOC_p2h</a>
 <LI><a href="#[1d3]">GUI_CURSOR_SetPositionEx</a>
 <LI><a href="#[331]">GUI_CalcColorDist</a>
 <LI><a href="#[1b0]">GUI_Clear</a>
 <LI><a href="#[1d8]">GUI_ClearRect</a>
 <LI><a href="#[1db]">GUI_ClearRectEx</a>
 <LI><a href="#[1dc]">GUI_CreateDialogBox</a>
 <LI><a href="#[1e2]">GUI_DEVICE_Create</a>
 <LI><a href="#[1e3]">GUI_DEVICE_CreateAndLink</a>
 <LI><a href="#[1e5]">GUI_DEVICE_Delete</a>
 <LI><a href="#[1e4]">GUI_DEVICE_Link</a>
 <LI><a href="#[1e7]">GUI_DEVICE_LinkDevices</a>
 <LI><a href="#[2c9]">GUI_DEVICE_Unlink</a>
 <LI><a href="#[224]">GUI_DEVICE_UnlinkTaskDevices</a>
 <LI><a href="#[22c]">GUI_DEVICE__GetpDriver</a>
 <LI><a href="#[160]">GUI_DRAW__Draw</a>
 <LI><a href="#[1e8]">GUI_Delay</a>
 <LI><a href="#[1ee]">GUI_DispString</a>
 <LI><a href="#[1f4]">GUI_DispStringAt</a>
 <LI><a href="#[1f5]">GUI_DispStringHCenterAt</a>
 <LI><a href="#[165]">GUI_DispStringInRect</a>
 <LI><a href="#[1f6]">GUI_DispStringInRectMax</a>
 <LI><a href="#[1fa]">GUI_DispStringInRectWrap</a>
 <LI><a href="#[1fe]">GUI_DrawBitmap</a>
 <LI><a href="#[1ff]">GUI_DrawFocusRect</a>
 <LI><a href="#[201]">GUI_DrawGradientRoundedV</a>
 <LI><a href="#[15e]">GUI_DrawGradientV</a>
 <LI><a href="#[15a]">GUI_DrawHLine</a>
 <LI><a href="#[199]">GUI_DrawPixel</a>
 <LI><a href="#[15d]">GUI_DrawRect</a>
 <LI><a href="#[205]">GUI_DrawRoundedFrame</a>
 <LI><a href="#[206]">GUI_DrawRoundedRect</a>
 <LI><a href="#[15b]">GUI_DrawVLine</a>
 <LI><a href="#[1ea]">GUI_Exec</a>
 <LI><a href="#[208]">GUI_Exec1</a>
 <LI><a href="#[15c]">GUI_FillRect</a>
 <LI><a href="#[19a]">GUI_FillRectEx</a>
 <LI><a href="#[20a]">GUI_GetBitmapPixelIndex</a>
 <LI><a href="#[20b]">GUI_GetBitmapPixelIndexEx</a>
 <LI><a href="#[250]">GUI_GetBitsPerPixelEx</a>
 <LI><a href="#[1be]">GUI_GetBkColor</a>
 <LI><a href="#[20e]">GUI_GetCharDistX</a>
 <LI><a href="#[20f]">GUI_GetCharDistXEx</a>
 <LI><a href="#[162]">GUI_GetClientRect</a>
 <LI><a href="#[1bd]">GUI_GetColor</a>
 <LI><a href="#[1d4]">GUI_GetCursorLayer</a>
 <LI><a href="#[1ef]">GUI_GetFontDistY</a>
 <LI><a href="#[212]">GUI_GetLayerPosEx</a>
 <LI><a href="#[214]">GUI_GetOrg</a>
 <LI><a href="#[182]">GUI_GetStringDistX</a>
 <LI><a href="#[215]">GUI_GetTime</a>
 <LI><a href="#[2a3]">GUI_GetVersionString</a>
 <LI><a href="#[1f0]">GUI_GetYAdjust</a>
 <LI><a href="#[1a7]">GUI_GetYSizeOfFont</a>
 <LI><a href="#[252]">GUI_GetpfColor2IndexEx</a>
 <LI><a href="#[251]">GUI_GetpfIndex2ColorEx</a>
 <LI><a href="#[1d7]">GUI_GotoXY</a>
 <LI><a href="#[216]">GUI_Init</a>
 <LI><a href="#[153]">GUI_Lock</a>
 <LI><a href="#[225]">GUI_MEMDEV_Clear</a>
 <LI><a href="#[226]">GUI_MEMDEV_CopyToLCD</a>
 <LI><a href="#[227]">GUI_MEMDEV_CopyToLCDAt</a>
 <LI><a href="#[22b]">GUI_MEMDEV_CreateEx</a>
 <LI><a href="#[22e]">GUI_MEMDEV_CreateFixed</a>
 <LI><a href="#[22f]">GUI_MEMDEV_Delete</a>
 <LI><a href="#[232]">GUI_MEMDEV_Draw</a>
 <LI><a href="#[23b]">GUI_MEMDEV_GetBitsPerPixel</a>
 <LI><a href="#[23d]">GUI_MEMDEV_GetDataPtr</a>
 <LI><a href="#[237]">GUI_MEMDEV_GetYSize</a>
 <LI><a href="#[99]">GUI_MEMDEV_Paint1Static</a>
 <LI><a href="#[239]">GUI_MEMDEV_ReduceYSize</a>
 <LI><a href="#[240]">GUI_MEMDEV_RotateHQ</a>
 <LI><a href="#[22a]">GUI_MEMDEV_Select</a>
 <LI><a href="#[23a]">GUI_MEMDEV_SetOrg</a>
 <LI><a href="#[23f]">GUI_MEMDEV_Write</a>
 <LI><a href="#[24a]">GUI_MEMDEV_WriteAt</a>
 <LI><a href="#[22d]">GUI_MEMDEV__CreateFixed</a>
 <LI><a href="#[97]">GUI_MEMDEV__WriteToActiveAlpha</a>
 <LI><a href="#[24b]">GUI_MEMDEV__WriteToActiveAt</a>
 <LI><a href="#[96]">GUI_MEMDEV__WriteToActiveOpaque</a>
 <LI><a href="#[310]">GUI_MergeRect</a>
 <LI><a href="#[163]">GUI_MoveRect</a>
 <LI><a href="#[2fb]">GUI_PID_GetState</a>
 <LI><a href="#[2fa]">GUI_PID_IsEmpty</a>
 <LI><a href="#[256]">GUI_PID_StoreState</a>
 <LI><a href="#[258]">GUI_PollKeyMsg</a>
 <LI><a href="#[25a]">GUI_QR_Create</a>
 <LI><a href="#[273]">GUI_QR_Delete</a>
 <LI><a href="#[274]">GUI_QR_Draw</a>
 <LI><a href="#[275]">GUI_ReadRectEx</a>
 <LI><a href="#[2de]">GUI_RectsIntersect</a>
 <LI><a href="#[277]">GUI_RestoreContext</a>
 <LI><a href="#[1d6]">GUI_SPRITE_SetPosition</a>
 <LI><a href="#[27e]">GUI_SaveContext_W</a>
 <LI><a href="#[230]">GUI_SelectLCD</a>
 <LI><a href="#[228]">GUI_SelectLayer</a>
 <LI><a href="#[1b6]">GUI_SetBkColor</a>
 <LI><a href="#[159]">GUI_SetColor</a>
 <LI><a href="#[281]">GUI_SetColorIndex</a>
 <LI><a href="#[369]">GUI_SetDefaultFont</a>
 <LI><a href="#[1b3]">GUI_SetDrawMode</a>
 <LI><a href="#[161]">GUI_SetFont</a>
 <LI><a href="#[1d5]">GUI_SetLayerPosEx</a>
 <LI><a href="#[1b9]">GUI_SetLineStyle</a>
 <LI><a href="#[220]">GUI_SetOrg</a>
 <LI><a href="#[1b7]">GUI_SetPenSize</a>
 <LI><a href="#[1b8]">GUI_SetTextAlign</a>
 <LI><a href="#[164]">GUI_SetTextMode</a>
 <LI><a href="#[257]">GUI_SignalEvent</a>
 <LI><a href="#[284]">GUI_StoreKey</a>
 <LI><a href="#[285]">GUI_StoreKeyMsg</a>
 <LI><a href="#[286]">GUI_TIMER_Delete</a>
 <LI><a href="#[288]">GUI_TIMER_GetFlag</a>
 <LI><a href="#[289]">GUI_TIMER_Restart</a>
 <LI><a href="#[28b]">GUI_TIMER_SetPeriod</a>
 <LI><a href="#[28c]">GUI_TIMER__GetFirstTimer</a>
 <LI><a href="#[28d]">GUI_TIMER__GetNextTimerLin</a>
 <LI><a href="#[28f]">GUI_TOUCH_CalcCoefficients</a>
 <LI><a href="#[28e]">GUI_TOUCH_Calibrate</a>
 <LI><a href="#[290]">GUI_TOUCH_CalibratePoint</a>
 <LI><a href="#[292]">GUI_TOUCH_Exec</a>
 <LI><a href="#[297]">GUI_TOUCH_GetLayer</a>
 <LI><a href="#[3f0]">GUI_TOUCH_SetOrientation</a>
 <LI><a href="#[298]">GUI_TOUCH_StoreStateEx</a>
 <LI><a href="#[291]">GUI_TOUCH_TransformPoint</a>
 <LI><a href="#[177]">GUI_UC_Encode</a>
 <LI><a href="#[16e]">GUI_UC_GetCharCode</a>
 <LI><a href="#[29a]">GUI_UC_GetCharSize</a>
 <LI><a href="#[173]">GUI_UC__CalcSizeOfChar</a>
 <LI><a href="#[2ac]">GUI_UC__GetCharCodeInc</a>
 <LI><a href="#[33d]">GUI_UC__NumBytes2NumChars</a>
 <LI><a href="#[16d]">GUI_UC__NumChars2NumBytes</a>
 <LI><a href="#[335]">GUI_USAGE_AddRect</a>
 <LI><a href="#[24c]">GUI_USAGE_BM_Create</a>
 <LI><a href="#[231]">GUI_USAGE_DecUseCnt</a>
 <LI><a href="#[156]">GUI_Unlock</a>
 <LI><a href="#[1fb]">GUI_WrapGetNumLines</a>
 <LI><a href="#[29c]">GUI__AllocAlphaBuffer</a>
 <LI><a href="#[29e]">GUI__AlphaPreserveTrans</a>
 <LI><a href="#[2a0]">GUI__CalcTextRect</a>
 <LI><a href="#[332]">GUI__CompactPixelIndices</a>
 <LI><a href="#[2a1]">GUI__CompactPixelIndicesEx</a>
 <LI><a href="#[217]">GUI__Config</a>
 <LI><a href="#[2a2]">GUI__ConvertColor2Index</a>
 <LI><a href="#[242]">GUI__CosHQ</a>
 <LI><a href="#[1f3]">GUI__DispLine</a>
 <LI><a href="#[1f9]">GUI__DispStringInRect</a>
 <LI><a href="#[33c]">GUI__DivideRound32</a>
 <LI><a href="#[2a8]">GUI__DoAlphaBlending</a>
 <LI><a href="#[198]">GUI__DrawTwinArc2</a>
 <LI><a href="#[158]">GUI__DrawTwinArc4</a>
 <LI><a href="#[48c]">GUI__ExpandPixelIndices</a>
 <LI><a href="#[2a9]">GUI__ExpandPixelIndicesEx</a>
 <LI><a href="#[29d]">GUI__GetAlphaBuffer</a>
 <LI><a href="#[33f]">GUI__GetCursorCharacter</a>
 <LI><a href="#[183]">GUI__GetCursorPosChar</a>
 <LI><a href="#[340]">GUI__GetCursorPosX</a>
 <LI><a href="#[1f2]">GUI__GetLineDistX</a>
 <LI><a href="#[1f1]">GUI__GetLineNumChars</a>
 <LI><a href="#[172]">GUI__GetNumChars</a>
 <LI><a href="#[2ad]">GUI__GetOverlap</a>
 <LI><a href="#[2a7]">GUI__HandleEOLine</a>
 <LI><a href="#[307]">GUI__IntersectRect</a>
 <LI><a href="#[1f8]">GUI__IntersectRects</a>
 <LI><a href="#[2ae]">GUI__InvertRectColors</a>
 <LI><a href="#[2b2]">GUI__ManageCache</a>
 <LI><a href="#[2b3]">GUI__ManageCacheEx</a>
 <LI><a href="#[9]">GUI__MixColors</a>
 <LI><a href="#[a]">GUI__MixColorsBulk</a>
 <LI><a href="#[200]">GUI__ReduceRect</a>
 <LI><a href="#[1c2]">GUI__RegisterExit</a>
 <LI><a href="#[16a]">GUI__SetText</a>
 <LI><a href="#[243]">GUI__SinHQ</a>
 <LI><a href="#[1fd]">GUI__WrapGetNumBytesToNextLine</a>
 <LI><a href="#[1fc]">GUI__WrapGetNumCharsDisp</a>
 <LI><a href="#[2b7]">GUI__WrapGetNumCharsToNextLine</a>
 <LI><a href="#[339]">GUI__memset16</a>
 <LI><a href="#[207]">GUI__sqrt32</a>
 <LI><a href="#[2b9]">GUI__strcmp</a>
 <LI><a href="#[2b4]">GUI__strcmp_hp</a>
 <LI><a href="#[2b5]">GUI__strlen</a>
 <LI><a href="#[12]">LCD_AA_MixColors16</a>
 <LI><a href="#[29f]">LCD_AA_SetOrMask</a>
 <LI><a href="#[2b0]">LCD_Color2Index</a>
 <LI><a href="#[1b4]">LCD_DrawBitmap</a>
 <LI><a href="#[88]">LCD_DrawHLine</a>
 <LI><a href="#[e2]">LCD_DrawPixel</a>
 <LI><a href="#[204]">LCD_DrawVLine</a>
 <LI><a href="#[1bb]">LCD_FillRect</a>
 <LI><a href="#[2ba]">LCD_GetBitsPerPixelEx</a>
 <LI><a href="#[20c]">LCD_GetBkColorIndex</a>
 <LI><a href="#[211]">LCD_GetColorIndex</a>
 <LI><a href="#[2bc]">LCD_GetNumColors</a>
 <LI><a href="#[2bd]">LCD_GetNumColorsEx</a>
 <LI><a href="#[2be]">LCD_GetNumLayers</a>
 <LI><a href="#[2bf]">LCD_GetPalette</a>
 <LI><a href="#[2c0]">LCD_GetPaletteEx</a>
 <LI><a href="#[2c1]">LCD_GetPixelColor</a>
 <LI><a href="#[2af]">LCD_GetPixelIndex</a>
 <LI><a href="#[213]">LCD_GetPosEx</a>
 <LI><a href="#[235]">LCD_GetVXSizeEx</a>
 <LI><a href="#[2ab]">LCD_GetVXSizeMax</a>
 <LI><a href="#[236]">LCD_GetVYSizeEx</a>
 <LI><a href="#[2c3]">LCD_GetXSize</a>
 <LI><a href="#[21b]">LCD_GetXSizeDisplay</a>
 <LI><a href="#[233]">LCD_GetXSizeEx</a>
 <LI><a href="#[21d]">LCD_GetXSizeMax</a>
 <LI><a href="#[2c4]">LCD_GetYSize</a>
 <LI><a href="#[21c]">LCD_GetYSizeDisplay</a>
 <LI><a href="#[234]">LCD_GetYSizeEx</a>
 <LI><a href="#[21e]">LCD_GetYSizeMax</a>
 <LI><a href="#[8]">LCD_GetpPalConvTableBM</a>
 <LI><a href="#[2c5]">LCD_GetpPalConvTableUncached</a>
 <LI><a href="#[20d]">LCD_Index2Color</a>
 <LI><a href="#[da]">LCD_Index2Color_565</a>
 <LI><a href="#[95]">LCD_Index2Color_8888</a>
 <LI><a href="#[8d]">LCD_Index2Color_M888</a>
 <LI><a href="#[8c]">LCD_Index2Color_M8888I</a>
 <LI><a href="#[2c6]">LCD_InitColors</a>
 <LI><a href="#[2c7]">LCD_InitLUT</a>
 <LI><a href="#[27f]">LCD_SelectLCD</a>
 <LI><a href="#[1af]">LCD_SetBkColor</a>
 <LI><a href="#[2cd]">LCD_SetBkColorIndex</a>
 <LI><a href="#[2ca]">LCD_SetClipRectEx</a>
 <LI><a href="#[249]">LCD_SetClipRectMax</a>
 <LI><a href="#[280]">LCD_SetColor</a>
 <LI><a href="#[282]">LCD_SetColorIndex</a>
 <LI><a href="#[21f]">LCD_SetDisplaySize</a>
 <LI><a href="#[1ba]">LCD_SetDrawMode</a>
 <LI><a href="#[2c8]">LCD_SetLUTEntryEx</a>
 <LI><a href="#[2b1]">LCD_SetPixelIndex</a>
 <LI><a href="#[283]">LCD_SetPosEx</a>
 <LI><a href="#[2cb]">LCD_SetSizeEx</a>
 <LI><a href="#[2cc]">LCD_SetVSizeEx</a>
 <LI><a href="#[248]">LCD_UpdateColorIndices</a>
 <LI><a href="#[255]">LCD__DrawBitmap_1bpp</a>
 <LI><a href="#[2ce]">LCD__GetBPP</a>
 <LI><a href="#[23c]">LCD__GetBPPDevice</a>
 <LI><a href="#[90]">TEXT_Callback</a>
 <LI><a href="#[2d0]">TEXT_CreateEx</a>
 <LI><a href="#[d8]">TEXT_CreateIndirect</a>
 <LI><a href="#[2d1]">TEXT_CreateUser</a>
 <LI><a href="#[2d2]">TEXT_SetFont</a>
 <LI><a href="#[2d3]">TEXT_SetText</a>
 <LI><a href="#[2d4]">TEXT_SetTextAlign</a>
 <LI><a href="#[2d5]">TEXT_SetTextColor</a>
 <LI><a href="#[14e]">WIDGET_AndState</a>
 <LI><a href="#[147]">WIDGET_HandleActive</a>
 <LI><a href="#[18d]">WIDGET_OrState</a>
 <LI><a href="#[2d9]">WIDGET_SetFocusable</a>
 <LI><a href="#[2d7]">WIDGET_SetState</a>
 <LI><a href="#[341]">WIDGET__EFFECT_DrawDown</a>
 <LI><a href="#[2da]">WIDGET__EFFECT_DrawDownRect</a>
 <LI><a href="#[2dd]">WIDGET__FillStringInRect</a>
 <LI><a href="#[2d8]">WIDGET__GetInsideRect</a>
 <LI><a href="#[155]">WIDGET__Init</a>
 <LI><a href="#[2db]">WIDGET__RotateRect90</a>
 <LI><a href="#[229]">WM_Activate</a>
 <LI><a href="#[2e0]">WM_BringToBottom</a>
 <LI><a href="#[188]">WM_BringToTop</a>
 <LI><a href="#[154]">WM_CreateWindowAsChild</a>
 <LI><a href="#[247]">WM_Deactivate</a>
 <LI><a href="#[14f]">WM_DefaultProc</a>
 <LI><a href="#[2e9]">WM_DeleteTimer</a>
 <LI><a href="#[180]">WM_DeleteWindow</a>
 <LI><a href="#[195]">WM_DisableMemdev</a>
 <LI><a href="#[209]">WM_Exec</a>
 <LI><a href="#[2e5]">WM_ForEachDesc</a>
 <LI><a href="#[2f9]">WM_GetActiveWindow</a>
 <LI><a href="#[210]">WM_GetClientRect</a>
 <LI><a href="#[2f1]">WM_GetClientRectEx</a>
 <LI><a href="#[1de]">WM_GetClientWindow</a>
 <LI><a href="#[1dd]">WM_GetDesktopWindow</a>
 <LI><a href="#[311]">WM_GetDesktopWindowEx</a>
 <LI><a href="#[2f3]">WM_GetDialogItem</a>
 <LI><a href="#[1a8]">WM_GetFirstChild</a>
 <LI><a href="#[1e1]">WM_GetFocusedWindow</a>
 <LI><a href="#[2cf]">WM_GetHasTrans</a>
 <LI><a href="#[2f4]">WM_GetId</a>
 <LI><a href="#[1a9]">WM_GetNextSibling</a>
 <LI><a href="#[1ae]">WM_GetParent</a>
 <LI><a href="#[2f6]">WM_GetWindowOrgX</a>
 <LI><a href="#[2f7]">WM_GetWindowOrgY</a>
 <LI><a href="#[2f8]">WM_GetWindowRectEx</a>
 <LI><a href="#[181]">WM_GetWindowSizeX</a>
 <LI><a href="#[1a5]">WM_GetWindowSizeY</a>
 <LI><a href="#[8a]">WM_HandlePID</a>
 <LI><a href="#[316]">WM_HasCaptured</a>
 <LI><a href="#[18c]">WM_HasFocus</a>
 <LI><a href="#[221]">WM_Init</a>
 <LI><a href="#[304]">WM_InvalidateRect</a>
 <LI><a href="#[168]">WM_InvalidateWindow</a>
 <LI><a href="#[30a]">WM_InvalidateWindowAndDescs</a>
 <LI><a href="#[30b]">WM_InvalidateWindowAndDescsEx</a>
 <LI><a href="#[30d]">WM_IsFocusable</a>
 <LI><a href="#[18b]">WM_IsWindow</a>
 <LI><a href="#[1ac]">WM_MoveChildTo</a>
 <LI><a href="#[1ab]">WM_MoveWindow</a>
 <LI><a href="#[178]">WM_NotifyParent</a>
 <LI><a href="#[259]">WM_OnKey</a>
 <LI><a href="#[302]">WM_PID__SetPrevState</a>
 <LI><a href="#[301]">WM_ReleaseCapture</a>
 <LI><a href="#[1aa]">WM_ResizeWindow</a>
 <LI><a href="#[17b]">WM_RestartTimer</a>
 <LI><a href="#[2fd]">WM_Screen2hWin</a>
 <LI><a href="#[179]">WM_SelectWindow</a>
 <LI><a href="#[2f2]">WM_SendMessage</a>
 <LI><a href="#[1e0]">WM_SendMessageNoPara</a>
 <LI><a href="#[2e8]">WM_SendToParent</a>
 <LI><a href="#[314]">WM_SetCallback</a>
 <LI><a href="#[315]">WM_SetCapture</a>
 <LI><a href="#[189]">WM_SetCaptureMove</a>
 <LI><a href="#[317]">WM_SetDefault</a>
 <LI><a href="#[187]">WM_SetFocus</a>
 <LI><a href="#[18e]">WM_SetFocusOnNextChild</a>
 <LI><a href="#[1b1]">WM_SetFocusOnPrevChild</a>
 <LI><a href="#[157]">WM_SetHasTrans</a>
 <LI><a href="#[1ad]">WM_SetSize</a>
 <LI><a href="#[1f7]">WM_SetUserClipRect</a>
 <LI><a href="#[1df]">WM_ShowWindow</a>
 <LI><a href="#[31b]">WM_ValidateWindow</a>
 <LI><a href="#[31c]">WM__ActivateClipRect</a>
 <LI><a href="#[2fc]">WM__AddCriticalHandle</a>
 <LI><a href="#[306]">WM__Client2Screen</a>
 <LI><a href="#[308]">WM__ClipAtParentBorders</a>
 <LI><a href="#[2ec]">WM__DeleteAssocTimer</a>
 <LI><a href="#[2ed]">WM__DetachWindow</a>
 <LI><a href="#[2f0]">WM__ForEachDesc</a>
 <LI><a href="#[2e7]">WM__GetClientRectEx</a>
 <LI><a href="#[2df]">WM__GetClientRectWin</a>
 <LI><a href="#[31e]">WM__GetFirstSibling</a>
 <LI><a href="#[318]">WM__GetFocusedChild</a>
 <LI><a href="#[320]">WM__GetLastSibling</a>
 <LI><a href="#[1da]">WM__GetNextIVR</a>
 <LI><a href="#[2e1]">WM__GetPrevSibling</a>
 <LI><a href="#[2eb]">WM__GetTopLevelLayer</a>
 <LI><a href="#[1a3]">WM__GetWindowSizeX</a>
 <LI><a href="#[1a4]">WM__GetWindowSizeY</a>
 <LI><a href="#[1d9]">WM__InitIVRSearch</a>
 <LI><a href="#[2e4]">WM__InsertWindowIntoList</a>
 <LI><a href="#[309]">WM__Invalidate1Abs</a>
 <LI><a href="#[305]">WM__InvalidateDrawAndDescs</a>
 <LI><a href="#[324]">WM__InvalidateParent</a>
 <LI><a href="#[325]">WM__InvalidateRect</a>
 <LI><a href="#[2e2]">WM__InvalidateRectEx</a>
 <LI><a href="#[192]">WM__IsAncestor</a>
 <LI><a href="#[190]">WM__IsAncestorOrSelf</a>
 <LI><a href="#[31f]">WM__IsChild</a>
 <LI><a href="#[15f]">WM__IsEnabled</a>
 <LI><a href="#[2fe]">WM__IsInModalArea</a>
 <LI><a href="#[345]">WM__IsInWindow</a>
 <LI><a href="#[2ea]">WM__IsWindow</a>
 <LI><a href="#[30e]">WM__MoveWindow</a>
 <LI><a href="#[327]">WM__Paint</a>
 <LI><a href="#[98]">WM__Paint1</a>
 <LI><a href="#[33e]">WM__RectIsNZ</a>
 <LI><a href="#[303]">WM__RemoveCriticalHandle</a>
 <LI><a href="#[2e3]">WM__RemoveWindowFromList</a>
 <LI><a href="#[32c]">WM__Screen2Client</a>
 <LI><a href="#[313]">WM__SelectTopLevelLayer</a>
 <LI><a href="#[18a]">WM__SendMessage</a>
 <LI><a href="#[300]">WM__SendMessageIfEnabled</a>
 <LI><a href="#[238]">WM__SendMessageNoPara</a>
 <LI><a href="#[2e6]">WM__SendMsgNoData</a>
 <LI><a href="#[32d]">WM__SendPIDMessage</a>
 <LI><a href="#[2ff]">WM__SendTouchMessage</a>
 <LI><a href="#[2d6]">WM__UpdateChildPositions</a>
 <LI><a href="#[21a]">emWin_LCD_Init</a>
 <LI><a href="#[d9]">_Color2Index_565</a>
 <LI><a href="#[db]">_GetIndexMask_565</a>
 <LI><a href="#[dc]">_Color2IndexBulk</a>
 <LI><a href="#[dd]">_Index2ColorBulk</a>
 <LI><a href="#[de]">_Color2Index_8888</a>
 <LI><a href="#[df]">_GetIndexMask_8888</a>
 <LI><a href="#[e0]">_Color2IndexBulk</a>
 <LI><a href="#[e1]">_Index2ColorBulk</a>
 <LI><a href="#[1ca]">_PushFreeBlock</a>
 <LI><a href="#[1cd]">_RemoveFreeBlock</a>
 <LI><a href="#[1c9]">_AddFreeMemory</a>
 <LI><a href="#[1cc]">_RemoveHoles</a>
 <LI><a href="#[32e]">_EnlargeBlocks</a>
 <LI><a href="#[1c6]">_Alloc</a>
 <LI><a href="#[1cb]">_InitOnce</a>
 <LI><a href="#[219]">_InitContext</a>
 <LI><a href="#[8b]">_OnExit</a>
 <LI><a href="#[334]">_DoClipping</a>
 <LI><a href="#[e5]">_DrawBitmapHW_8888</a>
 <LI><a href="#[17]">_SetPixelAlpha</a>
 <LI><a href="#[333]">_DrawBitmap</a>
 <LI><a href="#[e4]">_DrawBitmap_8888</a>
 <LI><a href="#[e3]">_DrawBitmap_M8888I</a>
 <LI><a href="#[203]">_DrawGradient</a>
 <LI><a href="#[202]">_DrawGradientRounded</a>
 <LI><a href="#[271]">_QR_PutAlignmentMarker</a>
 <LI><a href="#[270]">_QR_PutFinderPattern</a>
 <LI><a href="#[e6]">_QR_Mask0</a>
 <LI><a href="#[e7]">_QR_Mask1</a>
 <LI><a href="#[e8]">_QR_Mask2</a>
 <LI><a href="#[e9]">_QR_Mask3</a>
 <LI><a href="#[ea]">_QR_Mask4</a>
 <LI><a href="#[eb]">_QR_Mask5</a>
 <LI><a href="#[ec]">_QR_Mask6</a>
 <LI><a href="#[ed]">_QR_Mask7</a>
 <LI><a href="#[344]">_QR_CalcN1N3</a>
 <LI><a href="#[343]">_QR_CalcRunLength</a>
 <LI><a href="#[272]">_QR_MASK_EvaluateSymbol</a>
 <LI><a href="#[338]">_ModNN</a>
 <LI><a href="#[25e]">_QR_INPUT_EstimateBitsModeNum</a>
 <LI><a href="#[25f]">_QR_INPUT_EstimateBitsModeAn</a>
 <LI><a href="#[25c]">_IdentifyMode</a>
 <LI><a href="#[263]">_FRAME_FILLER_Next</a>
 <LI><a href="#[25b]">_Malloc</a>
 <LI><a href="#[269]">_BS_Create</a>
 <LI><a href="#[265]">_Free</a>
 <LI><a href="#[267]">_QR_INPUT_LIST_CreateEntry</a>
 <LI><a href="#[260]">_QR_INPUT_Append</a>
 <LI><a href="#[32f]">_BS_Allocate</a>
 <LI><a href="#[26b]">_BS_Append</a>
 <LI><a href="#[26a]">_BS_Delete</a>
 <LI><a href="#[342]">_QR_INPUT_LIST_DeleteEntry</a>
 <LI><a href="#[264]">_QR_RAW_Delete</a>
 <LI><a href="#[266]">_QR_INPUT_Delete</a>
 <LI><a href="#[26f]">_EncodeRSChar</a>
 <LI><a href="#[25d]">_QR_GetLengthIndicator.part.3</a>
 <LI><a href="#[262]">_Eat8</a>
 <LI><a href="#[261]">_EatAn</a>
 <LI><a href="#[330]">_BS_AppendNum.part.5</a>
 <LI><a href="#[26c]">_BS_AppendNum</a>
 <LI><a href="#[26d]">_BS_AppendBytes.part.6</a>
 <LI><a href="#[26e]">_InitRS.constprop.14</a>
 <LI><a href="#[268]">_QR_INPUT_EncodeBitStream</a>
 <LI><a href="#[8e]">_OnExit</a>
 <LI><a href="#[f0]">_SetDrawMode</a>
 <LI><a href="#[ee]">_SetColor</a>
 <LI><a href="#[ef]">_SetBkColor</a>
 <LI><a href="#[2bb]">_GetDevProp</a>
 <LI><a href="#[2c2]">_GetMaxValue</a>
 <LI><a href="#[276]">LCD_ReadRectEx</a>
 <LI><a href="#[103]">_GetDevData</a>
 <LI><a href="#[101]">_GetDevFunc</a>
 <LI><a href="#[100]">_SetOrg</a>
 <LI><a href="#[104]">_GetRect</a>
 <LI><a href="#[336]">_XY2PTR</a>
 <LI><a href="#[fd]">_GetPixelIndex</a>
 <LI><a href="#[ff]">_XorPixel</a>
 <LI><a href="#[fe]">_SetPixelIndex</a>
 <LI><a href="#[fb]">_DrawVLine</a>
 <LI><a href="#[fc]">_FillRect</a>
 <LI><a href="#[fa]">_DrawHLine</a>
 <LI><a href="#[f9]">_DrawBitmap</a>
 <LI><a href="#[102]">_GetDevProp</a>
 <LI><a href="#[10f]">_GetDevData</a>
 <LI><a href="#[10d]">_GetDevFunc</a>
 <LI><a href="#[10e]">_GetDevProp</a>
 <LI><a href="#[10c]">_SetOrg</a>
 <LI><a href="#[110]">_GetRect</a>
 <LI><a href="#[337]">_XY2PTR</a>
 <LI><a href="#[109]">_GetPixelIndex</a>
 <LI><a href="#[10b]">_XorPixel</a>
 <LI><a href="#[10a]">_SetPixelIndex</a>
 <LI><a href="#[107]">_DrawVLine</a>
 <LI><a href="#[108]">_FillRect</a>
 <LI><a href="#[106]">_DrawHLine</a>
 <LI><a href="#[105]">_DrawBitmap</a>
 <LI><a href="#[244]">_GetMinMax</a>
 <LI><a href="#[246]">_MixColors</a>
 <LI><a href="#[241]">_Check</a>
 <LI><a href="#[245]">_GetColorHQ</a>
 <LI><a href="#[93]">_OnExit</a>
 <LI><a href="#[329]">_Paint1</a>
 <LI><a href="#[321]">_Findy1</a>
 <LI><a href="#[322]">_Findx0</a>
 <LI><a href="#[323]">_Findx1</a>
 <LI><a href="#[32b]">_Paint1Trans</a>
 <LI><a href="#[32a]">_PaintTransChildren</a>
 <LI><a href="#[328]">WM__PaintWinAndOverlays</a>
 <LI><a href="#[94]">_cbPaintMemDev</a>
 <LI><a href="#[31d]">_SetClipRectUserIntersect</a>
 <LI><a href="#[30c]">_Invalidate1Abs</a>
 <LI><a href="#[2ee]">_Exec1Input</a>
 <LI><a href="#[2ef]">_Exec1Draw</a>
 <LI><a href="#[92]">_cbBackWin</a>
 <LI><a href="#[2f5]">_GetDialogItem</a>
 <LI><a href="#[14c]">_OnButtonPressed</a>
 <LI><a href="#[14d]">_OnButtonReleased</a>
 <LI><a href="#[18]">_OnTouchDefault</a>
 <LI><a href="#[c]">_Create</a>
 <LI><a href="#[b]">_Paint</a>
 <LI><a href="#[112]">_Create</a>
 <LI><a href="#[111]">_Paint</a>
 <LI><a href="#[17a]">_Paint</a>
 <LI><a href="#[17f]">_IncrementBuffer</a>
 <LI><a href="#[16f]">_ChangeCharacter</a>
 <LI><a href="#[174]">_IsSpaceInBuffer</a>
 <LI><a href="#[171]">_DeleteChar</a>
 <LI><a href="#[191]">_SetActive</a>
 <LI><a href="#[86]">FRAMEWIN__cbClient</a>
 <LI><a href="#[1e]">_GetBorderSize</a>
 <LI><a href="#[1d]">_Create</a>
 <LI><a href="#[1c]">_Paint</a>
 <LI><a href="#[2dc]">_EffectRequiresRedraw</a>
 <LI><a href="#[113]">_Color2Index_M8888I</a>
 <LI><a href="#[114]">_GetIndexMask_M8888I</a>
 <LI><a href="#[115]">_Color2IndexBulk_M8888I</a>
 <LI><a href="#[116]">_Index2ColorBulk_M8888I</a>
 <LI><a href="#[1f]">_Log2VisBuffered</a>
 <LI><a href="#[2a6]">_DispLine</a>
 <LI><a href="#[1c0]">_GetTaskNo</a>
 <LI><a href="#[87]">_OnExit</a>
 <LI><a href="#[28a]">_Link</a>
 <LI><a href="#[287]">_Unlink</a>
 <LI><a href="#[117]">_GetCharCode</a>
 <LI><a href="#[118]">_GetCharSize</a>
 <LI><a href="#[119]">_CalcSizeOfChar</a>
 <LI><a href="#[11a]">_Encode</a>
 <LI><a href="#[2aa]">_GetTwinArcPara</a>
 <LI><a href="#[d]">_GetCursorPosX</a>
 <LI><a href="#[f]">_GetCursorCharacter</a>
 <LI><a href="#[e]">_GetCursorPosChar</a>
 <LI><a href="#[10]">_GetWordWrap</a>
 <LI><a href="#[11]">_GetCharWrap</a>
 <LI><a href="#[2b8]">_WrapGetNumCharsDisp</a>
 <LI><a href="#[8f]">_OnExit</a>
 <LI><a href="#[23e]">_CreateStaticDevice</a>
 <LI><a href="#[11b]">GUI_USAGE_BM_AddPixel</a>
 <LI><a href="#[11f]">GUI_USAGE_BM_GetNextDirty</a>
 <LI><a href="#[11e]">_GUI_USAGE_BM_Delete</a>
 <LI><a href="#[11d]">GUI_USAGE_BM_Clear</a>
 <LI><a href="#[11c]">GUI_USAGE_BM_AddHLine</a>
 <LI><a href="#[24e]">_ClipX</a>
 <LI><a href="#[24f]">_ClipY</a>
 <LI><a href="#[24d]">_WriteToActiveAlpha</a>
 <LI><a href="#[253]">_Convert16</a>
 <LI><a href="#[254]">_Convert8</a>
 <LI><a href="#[91]">_cbInvalidateOne</a>
 <LI><a href="#[326]">_MoveDescendents</a>
 <LI><a href="#[319]">_GetNextChild</a>
 <LI><a href="#[31a]">_GetPrevChild</a>
 <LI><a href="#[123]">_DrawDownRect</a>
 <LI><a href="#[121]">_DrawUpRect</a>
 <LI><a href="#[122]">_DrawDown</a>
 <LI><a href="#[120]">_DrawUp</a>
 <LI><a href="#[126]">_GetIndexMask_0</a>
 <LI><a href="#[125]">_Index2Color_0</a>
 <LI><a href="#[124]">_Color2Index_0</a>
 <LI><a href="#[89]">_OnExit</a>
 <LI><a href="#[312]">_Screen2hWin</a>
 <LI><a href="#[30f]">WM__ReleaseCapture</a>
 <LI><a href="#[279]">_CreateBuffer</a>
 <LI><a href="#[27a]">_GetBkIndex.isra.0</a>
 <LI><a href="#[27c]">_GetBkIndexAlpha.isra.2</a>
 <LI><a href="#[278]">_GetDeviceRect</a>
 <LI><a href="#[33a]">_FlushBuffer.isra.5</a>
 <LI><a href="#[27b]">_SetBkIndexBuffered</a>
 <LI><a href="#[27d]">_ReleaseBuffer.isra.6</a>
</UL>
</UL>
<P>
<H3>
Mutually Recursive functions
</H3> <LI><a href="#[3e]">ADC_IRQHandler</a>&nbsp;&nbsp;&nbsp;&rArr;&nbsp;&nbsp;&nbsp;<a href="#[3e]">ADC_IRQHandler</a><BR>
 <LI><a href="#[325]">WM__InvalidateRect</a>&nbsp;&nbsp;&nbsp;&rArr;&nbsp;&nbsp;&nbsp;<a href="#[325]">WM__InvalidateRect</a><BR>
 <LI><a href="#[30b]">WM_InvalidateWindowAndDescsEx</a>&nbsp;&nbsp;&nbsp;&rArr;&nbsp;&nbsp;&nbsp;<a href="#[30b]">WM_InvalidateWindowAndDescsEx</a><BR>
 <LI><a href="#[305]">WM__InvalidateDrawAndDescs</a>&nbsp;&nbsp;&nbsp;&rArr;&nbsp;&nbsp;&nbsp;<a href="#[305]">WM__InvalidateDrawAndDescs</a><BR>
 <LI><a href="#[18a]">WM__SendMessage</a>&nbsp;&nbsp;&nbsp;&rArr;&nbsp;&nbsp;&nbsp;<a href="#[14f]">WM_DefaultProc</a><BR>
 <LI><a href="#[2f0]">WM__ForEachDesc</a>&nbsp;&nbsp;&nbsp;&rArr;&nbsp;&nbsp;&nbsp;<a href="#[2f0]">WM__ForEachDesc</a><BR>
 <LI><a href="#[1aa]">WM_ResizeWindow</a>&nbsp;&nbsp;&nbsp;&rArr;&nbsp;&nbsp;&nbsp;<a href="#[2d6]">WM__UpdateChildPositions</a><BR>
 <LI><a href="#[326]">_MoveDescendents</a>&nbsp;&nbsp;&nbsp;&rArr;&nbsp;&nbsp;&nbsp;<a href="#[326]">_MoveDescendents</a><BR>
 <LI><a href="#[32e]">_EnlargeBlocks</a>&nbsp;&nbsp;&nbsp;&rArr;&nbsp;&nbsp;&nbsp;<a href="#[1c6]">_Alloc</a><BR>
 <LI><a href="#[323]">_Findx1</a>&nbsp;&nbsp;&nbsp;&rArr;&nbsp;&nbsp;&nbsp;<a href="#[323]">_Findx1</a><BR>
 <LI><a href="#[322]">_Findx0</a>&nbsp;&nbsp;&nbsp;&rArr;&nbsp;&nbsp;&nbsp;<a href="#[322]">_Findx0</a><BR>
 <LI><a href="#[321]">_Findy1</a>&nbsp;&nbsp;&nbsp;&rArr;&nbsp;&nbsp;&nbsp;<a href="#[321]">_Findy1</a><BR>
 <LI><a href="#[1bc]">GUIPROP__FindChar</a>&nbsp;&nbsp;&nbsp;&rArr;&nbsp;&nbsp;&nbsp;<a href="#[1bc]">GUIPROP__FindChar</a><BR>
 <LI><a href="#[312]">_Screen2hWin</a>&nbsp;&nbsp;&nbsp;&rArr;&nbsp;&nbsp;&nbsp;<a href="#[312]">_Screen2hWin</a><BR>
 <LI><a href="#[180]">WM_DeleteWindow</a>&nbsp;&nbsp;&nbsp;&rArr;&nbsp;&nbsp;&nbsp;<a href="#[180]">WM_DeleteWindow</a><BR>
 <LI><a href="#[30a]">WM_InvalidateWindowAndDescs</a>&nbsp;&nbsp;&nbsp;&rArr;&nbsp;&nbsp;&nbsp;<a href="#[30a]">WM_InvalidateWindowAndDescs</a><BR>
 <LI><a href="#[32a]">_PaintTransChildren</a>&nbsp;&nbsp;&nbsp;&rArr;&nbsp;&nbsp;&nbsp;<a href="#[32a]">_PaintTransChildren</a><BR>
 <LI><a href="#[543]">png_free_data</a>&nbsp;&nbsp;&nbsp;&rArr;&nbsp;&nbsp;&nbsp;<a href="#[543]">png_free_data</a><BR>
 <LI><a href="#[2f5]">_GetDialogItem</a>&nbsp;&nbsp;&nbsp;&rArr;&nbsp;&nbsp;&nbsp;<a href="#[2f5]">_GetDialogItem</a><BR>
 <LI><a href="#[268]">_QR_INPUT_EncodeBitStream</a>&nbsp;&nbsp;&nbsp;&rArr;&nbsp;&nbsp;&nbsp;<a href="#[268]">_QR_INPUT_EncodeBitStream</a><BR>
</UL>
<P>
<H3>
Function Pointers
</H3><UL>
 <LI><a href="#[3e]">ADC_IRQHandler</a> from startup_stm32f407xx.o(.text) referenced from startup_stm32f407xx.o(RESET)
 <LI><a href="#[83]">BUTTON_Callback</a> from BUTTON.o(.text.BUTTON_Callback) referenced from BUTTON.o(.text.BUTTON_CreateUser)
 <LI><a href="#[d7]">BUTTON_CreateIndirect</a> from BUTTON.o(.text.BUTTON_CreateIndirect) referenced 5 times from maindlg.o(.constdata)
 <LI><a href="#[19]">BUTTON_DrawSkinFlex</a> from BUTTON_SkinFlex.o(.text.BUTTON_DrawSkinFlex) referenced 2 times from BUTTON.o(.data)
 <LI><a href="#[19]">BUTTON_DrawSkinFlex</a> from BUTTON_SkinFlex.o(.text.BUTTON_DrawSkinFlex) referenced from enterimgpwd.o(i.enter_ImgPwdPad)
 <LI><a href="#[26]">BusFault_Handler</a> from stm32f4xx_it.o(i.BusFault_Handler) referenced from startup_stm32f407xx.o(RESET)
 <LI><a href="#[40]">CAN1_RX0_IRQHandler</a> from startup_stm32f407xx.o(.text) referenced from startup_stm32f407xx.o(RESET)
 <LI><a href="#[41]">CAN1_RX1_IRQHandler</a> from startup_stm32f407xx.o(.text) referenced from startup_stm32f407xx.o(RESET)
 <LI><a href="#[42]">CAN1_SCE_IRQHandler</a> from startup_stm32f407xx.o(.text) referenced from startup_stm32f407xx.o(RESET)
 <LI><a href="#[3f]">CAN1_TX_IRQHandler</a> from startup_stm32f407xx.o(.text) referenced from startup_stm32f407xx.o(RESET)
 <LI><a href="#[6c]">CAN2_RX0_IRQHandler</a> from startup_stm32f407xx.o(.text) referenced from startup_stm32f407xx.o(RESET)
 <LI><a href="#[6d]">CAN2_RX1_IRQHandler</a> from startup_stm32f407xx.o(.text) referenced from startup_stm32f407xx.o(RESET)
 <LI><a href="#[6e]">CAN2_SCE_IRQHandler</a> from startup_stm32f407xx.o(.text) referenced from startup_stm32f407xx.o(RESET)
 <LI><a href="#[6b]">CAN2_TX_IRQHandler</a> from startup_stm32f407xx.o(.text) referenced from startup_stm32f407xx.o(RESET)
 <LI><a href="#[7a]">DCMI_IRQHandler</a> from startup_stm32f407xx.o(.text) referenced from startup_stm32f407xx.o(RESET)
 <LI><a href="#[37]">DMA1_Stream0_IRQHandler</a> from startup_stm32f407xx.o(.text) referenced from startup_stm32f407xx.o(RESET)
 <LI><a href="#[38]">DMA1_Stream1_IRQHandler</a> from startup_stm32f407xx.o(.text) referenced from startup_stm32f407xx.o(RESET)
 <LI><a href="#[39]">DMA1_Stream2_IRQHandler</a> from startup_stm32f407xx.o(.text) referenced from startup_stm32f407xx.o(RESET)
 <LI><a href="#[3a]">DMA1_Stream3_IRQHandler</a> from startup_stm32f407xx.o(.text) referenced from startup_stm32f407xx.o(RESET)
 <LI><a href="#[3b]">DMA1_Stream4_IRQHandler</a> from startup_stm32f407xx.o(.text) referenced from startup_stm32f407xx.o(RESET)
 <LI><a href="#[3c]">DMA1_Stream5_IRQHandler</a> from startup_stm32f407xx.o(.text) referenced from startup_stm32f407xx.o(RESET)
 <LI><a href="#[3d]">DMA1_Stream6_IRQHandler</a> from startup_stm32f407xx.o(.text) referenced from startup_stm32f407xx.o(RESET)
 <LI><a href="#[5b]">DMA1_Stream7_IRQHandler</a> from startup_stm32f407xx.o(.text) referenced from startup_stm32f407xx.o(RESET)
 <LI><a href="#[64]">DMA2_Stream0_IRQHandler</a> from startup_stm32f407xx.o(.text) referenced from startup_stm32f407xx.o(RESET)
 <LI><a href="#[65]">DMA2_Stream1_IRQHandler</a> from startup_stm32f407xx.o(.text) referenced from startup_stm32f407xx.o(RESET)
 <LI><a href="#[66]">DMA2_Stream2_IRQHandler</a> from startup_stm32f407xx.o(.text) referenced from startup_stm32f407xx.o(RESET)
 <LI><a href="#[67]">DMA2_Stream3_IRQHandler</a> from stm32f4xx_it.o(i.DMA2_Stream3_IRQHandler) referenced from startup_stm32f407xx.o(RESET)
 <LI><a href="#[68]">DMA2_Stream4_IRQHandler</a> from startup_stm32f407xx.o(.text) referenced from startup_stm32f407xx.o(RESET)
 <LI><a href="#[70]">DMA2_Stream5_IRQHandler</a> from startup_stm32f407xx.o(.text) referenced from startup_stm32f407xx.o(RESET)
 <LI><a href="#[71]">DMA2_Stream6_IRQHandler</a> from stm32f4xx_it.o(i.DMA2_Stream6_IRQHandler) referenced from startup_stm32f407xx.o(RESET)
 <LI><a href="#[72]">DMA2_Stream7_IRQHandler</a> from startup_stm32f407xx.o(.text) referenced from startup_stm32f407xx.o(RESET)
 <LI><a href="#[29]">DebugMon_Handler</a> from stm32f4xx_it.o(i.DebugMon_Handler) referenced from startup_stm32f407xx.o(RESET)
 <LI><a href="#[84]">EDIT_Callback</a> from EDIT.o(.text.EDIT_Callback) referenced from EDIT.o(.text.EDIT_CreateUser)
 <LI><a href="#[69]">ETH_IRQHandler</a> from startup_stm32f407xx.o(.text) referenced from startup_stm32f407xx.o(RESET)
 <LI><a href="#[6a]">ETH_WKUP_IRQHandler</a> from startup_stm32f407xx.o(.text) referenced from startup_stm32f407xx.o(RESET)
 <LI><a href="#[32]">EXTI0_IRQHandler</a> from startup_stm32f407xx.o(.text) referenced from startup_stm32f407xx.o(RESET)
 <LI><a href="#[54]">EXTI15_10_IRQHandler</a> from startup_stm32f407xx.o(.text) referenced from startup_stm32f407xx.o(RESET)
 <LI><a href="#[33]">EXTI1_IRQHandler</a> from startup_stm32f407xx.o(.text) referenced from startup_stm32f407xx.o(RESET)
 <LI><a href="#[34]">EXTI2_IRQHandler</a> from startup_stm32f407xx.o(.text) referenced from startup_stm32f407xx.o(RESET)
 <LI><a href="#[35]">EXTI3_IRQHandler</a> from startup_stm32f407xx.o(.text) referenced from startup_stm32f407xx.o(RESET)
 <LI><a href="#[36]">EXTI4_IRQHandler</a> from startup_stm32f407xx.o(.text) referenced from startup_stm32f407xx.o(RESET)
 <LI><a href="#[43]">EXTI9_5_IRQHandler</a> from startup_stm32f407xx.o(.text) referenced from startup_stm32f407xx.o(RESET)
 <LI><a href="#[30]">FLASH_IRQHandler</a> from startup_stm32f407xx.o(.text) referenced from startup_stm32f407xx.o(RESET)
 <LI><a href="#[5c]">FMC_IRQHandler</a> from startup_stm32f407xx.o(.text) referenced from startup_stm32f407xx.o(RESET)
 <LI><a href="#[7c]">FPU_IRQHandler</a> from startup_stm32f407xx.o(.text) referenced from startup_stm32f407xx.o(RESET)
 <LI><a href="#[85]">FRAMEWIN_Callback</a> from FRAMEWIN.o(.text.FRAMEWIN_Callback) referenced from FRAMEWIN.o(.text.FRAMEWIN_CreateUser)
 <LI><a href="#[d6]">FRAMEWIN_CreateIndirect</a> from FRAMEWIN.o(.text.FRAMEWIN_CreateIndirect) referenced 2 times from maindlg.o(.constdata)
 <LI><a href="#[1b]">FRAMEWIN_DrawSkinFlex</a> from FRAMEWIN_SkinFlex.o(.text.FRAMEWIN_DrawSkinFlex) referenced 4 times from FRAMEWIN.o(.data)
 <LI><a href="#[1b]">FRAMEWIN_DrawSkinFlex</a> from FRAMEWIN_SkinFlex.o(.text.FRAMEWIN_DrawSkinFlex) referenced from enterimgpwd.o(i.enter_ImgPwdPad)
 <LI><a href="#[1a]">FRAMEWIN__GetBorderSize</a> from FRAMEWIN.o(.text.FRAMEWIN__GetBorderSize) referenced 2 times from FRAMEWIN.o(.data)
 <LI><a href="#[86]">FRAMEWIN__cbClient</a> from FRAMEWIN.o(.text.FRAMEWIN__cbClient) referenced from FRAMEWIN.o(.text.FRAMEWIN_CreateUser)
 <LI><a href="#[f5]">GUIMONO_DispChar</a> from GUI_CharM.o(.text.GUIMONO_DispChar) referenced 2 times from F6x8.o(.rodata)
 <LI><a href="#[f6]">GUIMONO_GetCharDistX</a> from GUI_CharM.o(.text.GUIMONO_GetCharDistX) referenced 2 times from F6x8.o(.rodata)
 <LI><a href="#[f7]">GUIMONO_GetFontInfo</a> from GUI_CharM.o(.text.GUIMONO_GetFontInfo) referenced 2 times from F6x8.o(.rodata)
 <LI><a href="#[f8]">GUIMONO_IsInFont</a> from GUI_CharM.o(.text.GUIMONO_IsInFont) referenced 2 times from F6x8.o(.rodata)
 <LI><a href="#[f1]">GUIPROP_DispChar</a> from GUI_CharP.o(.text.GUIPROP_DispChar) referenced 14 times from F13B_1.o(.rodata)
 <LI><a href="#[f2]">GUIPROP_GetCharDistX</a> from GUI_CharP.o(.text.GUIPROP_GetCharDistX) referenced 14 times from F13B_1.o(.rodata)
 <LI><a href="#[f3]">GUIPROP_GetFontInfo</a> from GUI_CharP.o(.text.GUIPROP_GetFontInfo) referenced 14 times from F13B_1.o(.rodata)
 <LI><a href="#[f4]">GUIPROP_IsInFont</a> from GUI_CharP.o(.text.GUIPROP_IsInFont) referenced 14 times from F13B_1.o(.rodata)
 <LI><a href="#[99]">GUI_MEMDEV_Paint1Static</a> from GUIDEV_StaticDevices.o(.text.GUI_MEMDEV_Paint1Static) referenced from WM.o(.text._Paint1)
 <LI><a href="#[97]">GUI_MEMDEV__WriteToActiveAlpha</a> from GUIDEV_WriteToActiveAlpha.o(.text.GUI_MEMDEV__WriteToActiveAlpha) referenced from GUIDEV_32.o(.text._GetDevFunc)
 <LI><a href="#[96]">GUI_MEMDEV__WriteToActiveOpaque</a> from GUIDEV_WriteToActiveOpaque.o(.text.GUI_MEMDEV__WriteToActiveOpaque) referenced from GUIDEV_16.o(.text._GetDevFunc)
 <LI><a href="#[9c]">GUI_PNG__GetData</a> from gui_png.o(i.GUI_PNG__GetData) referenced from gui_png.o(i.GUI_PNG_Draw)
 <LI><a href="#[9c]">GUI_PNG__GetData</a> from gui_png.o(i.GUI_PNG__GetData) referenced from gui_png.o(i.GUI_PNG_GetXSize)
 <LI><a href="#[9c]">GUI_PNG__GetData</a> from gui_png.o(i.GUI_PNG__GetData) referenced from gui_png.o(i.GUI_PNG_GetYSize)
 <LI><a href="#[11c]">GUI_USAGE_BM_AddHLine</a> from GUIDEV_UsageBM.o(.text.GUI_USAGE_BM_AddHLine) referenced from GUIDEV_UsageBM.o(.rodata)
 <LI><a href="#[11b]">GUI_USAGE_BM_AddPixel</a> from GUIDEV_UsageBM.o(.text.GUI_USAGE_BM_AddPixel) referenced from GUIDEV_UsageBM.o(.rodata)
 <LI><a href="#[11d]">GUI_USAGE_BM_Clear</a> from GUIDEV_UsageBM.o(.text.GUI_USAGE_BM_Clear) referenced from GUIDEV_UsageBM.o(.rodata)
 <LI><a href="#[11f]">GUI_USAGE_BM_GetNextDirty</a> from GUIDEV_UsageBM.o(.text.GUI_USAGE_BM_GetNextDirty) referenced from GUIDEV_UsageBM.o(.rodata)
 <LI><a href="#[9]">GUI__MixColors</a> from GUI__Alpha.o(.text.GUI__MixColors) referenced 2 times from GUI__Alpha.o(.data)
 <LI><a href="#[a]">GUI__MixColorsBulk</a> from GUI__Alpha.o(.text.GUI__MixColorsBulk) referenced 2 times from GUI__Alpha.o(.data)
 <LI><a href="#[7b]">HASH_RNG_IRQHandler</a> from startup_stm32f407xx.o(.text) referenced from startup_stm32f407xx.o(RESET)
 <LI><a href="#[24]">HardFault_Handler</a> from stm32f4xx_it.o(i.HardFault_Handler) referenced from startup_stm32f407xx.o(RESET)
 <LI><a href="#[4c]">I2C1_ER_IRQHandler</a> from startup_stm32f407xx.o(.text) referenced from startup_stm32f407xx.o(RESET)
 <LI><a href="#[4b]">I2C1_EV_IRQHandler</a> from startup_stm32f407xx.o(.text) referenced from startup_stm32f407xx.o(RESET)
 <LI><a href="#[4e]">I2C2_ER_IRQHandler</a> from startup_stm32f407xx.o(.text) referenced from startup_stm32f407xx.o(RESET)
 <LI><a href="#[4d]">I2C2_EV_IRQHandler</a> from startup_stm32f407xx.o(.text) referenced from startup_stm32f407xx.o(RESET)
 <LI><a href="#[75]">I2C3_ER_IRQHandler</a> from startup_stm32f407xx.o(.text) referenced from startup_stm32f407xx.o(RESET)
 <LI><a href="#[74]">I2C3_EV_IRQHandler</a> from startup_stm32f407xx.o(.text) referenced from startup_stm32f407xx.o(RESET)
 <LI><a href="#[12]">LCD_AA_MixColors16</a> from LCD_AA.o(.text.LCD_AA_MixColors16) referenced 2 times from LCD_AA.o(.data)
 <LI><a href="#[88]">LCD_DrawHLine</a> from LCD.o(.text.LCD_DrawHLine) referenced from GUI_Core.o(.rodata)
 <LI><a href="#[88]">LCD_DrawHLine</a> from LCD.o(.text.LCD_DrawHLine) referenced from GUI_DrawGradientRounded.o(.text.GUI_DrawGradientRoundedV)
 <LI><a href="#[88]">LCD_DrawHLine</a> from LCD.o(.text.LCD_DrawHLine) referenced from GUI_DrawGradient.o(.text.GUI_DrawGradientV)
 <LI><a href="#[e2]">LCD_DrawPixel</a> from LCD.o(.text.LCD_DrawPixel) referenced from GUI_Core.o(.rodata)
 <LI><a href="#[8]">LCD_GetpPalConvTableBM</a> from LCD_Color.o(.text.LCD_GetpPalConvTableBM) referenced 2 times from GUI_Core.o(.data)
 <LI><a href="#[da]">LCD_Index2Color_565</a> from GUICC_565.o(.text.LCD_Index2Color_565) referenced from GUICC_565.o(.rodata)
 <LI><a href="#[95]">LCD_Index2Color_8888</a> from GUICC_8888_Index2Color.o(.text.LCD_Index2Color_8888) referenced 2 times from GUICC_8888.o(.rodata)
 <LI><a href="#[95]">LCD_Index2Color_8888</a> from GUICC_8888_Index2Color.o(.text.LCD_Index2Color_8888) referenced from GUI_DrawBitmap_8888.o(.text._DrawBitmap_8888)
 <LI><a href="#[8d]">LCD_Index2Color_M888</a> from GUICC_M888_Index2Color.o(.text.LCD_Index2Color_M888) referenced from GUI__Alpha.o(.text.GUI__DoAlphaBlending)
 <LI><a href="#[8c]">LCD_Index2Color_M8888I</a> from GUICC_M8888I_Index2Color.o(.text.LCD_Index2Color_M8888I) referenced 2 times from GUI_DrawBitmap_8888.o(.rodata)
 <LI><a href="#[8c]">LCD_Index2Color_M8888I</a> from GUICC_M8888I_Index2Color.o(.text.LCD_Index2Color_M8888I) referenced from GUI__Alpha.o(.text.GUI__DoAlphaBlending)
 <LI><a href="#[8c]">LCD_Index2Color_M8888I</a> from GUICC_M8888I_Index2Color.o(.text.LCD_Index2Color_M8888I) referenced from GUI_DrawBitmap_8888.o(.text._DrawBitmap_M8888I)
 <LI><a href="#[8c]">LCD_Index2Color_M8888I</a> from GUICC_M8888I_Index2Color.o(.text.LCD_Index2Color_M8888I) referenced from GUIDEV_WriteToActiveAlpha.o(.text._WriteToActiveAlpha)
 <LI><a href="#[25]">MemManage_Handler</a> from stm32f4xx_it.o(i.MemManage_Handler) referenced from startup_stm32f407xx.o(RESET)
 <LI><a href="#[23]">NMI_Handler</a> from stm32f4xx_it.o(i.NMI_Handler) referenced from startup_stm32f407xx.o(RESET)
 <LI><a href="#[6f]">OTG_FS_IRQHandler</a> from stm32f4xx_it.o(i.OTG_FS_IRQHandler) referenced from startup_stm32f407xx.o(RESET)
 <LI><a href="#[56]">OTG_FS_WKUP_IRQHandler</a> from startup_stm32f407xx.o(.text) referenced from startup_stm32f407xx.o(RESET)
 <LI><a href="#[77]">OTG_HS_EP1_IN_IRQHandler</a> from startup_stm32f407xx.o(.text) referenced from startup_stm32f407xx.o(RESET)
 <LI><a href="#[76]">OTG_HS_EP1_OUT_IRQHandler</a> from startup_stm32f407xx.o(.text) referenced from startup_stm32f407xx.o(RESET)
 <LI><a href="#[79]">OTG_HS_IRQHandler</a> from startup_stm32f407xx.o(.text) referenced from startup_stm32f407xx.o(RESET)
 <LI><a href="#[78]">OTG_HS_WKUP_IRQHandler</a> from startup_stm32f407xx.o(.text) referenced from startup_stm32f407xx.o(RESET)
 <LI><a href="#[2d]">PVD_IRQHandler</a> from startup_stm32f407xx.o(.text) referenced from startup_stm32f407xx.o(RESET)
 <LI><a href="#[2a]">PendSV_Handler</a> from port.o(.emb_text) referenced from startup_stm32f407xx.o(RESET)
 <LI><a href="#[31]">RCC_IRQHandler</a> from startup_stm32f407xx.o(.text) referenced from startup_stm32f407xx.o(RESET)
 <LI><a href="#[55]">RTC_Alarm_IRQHandler</a> from startup_stm32f407xx.o(.text) referenced from startup_stm32f407xx.o(RESET)
 <LI><a href="#[2f]">RTC_WKUP_IRQHandler</a> from startup_stm32f407xx.o(.text) referenced from startup_stm32f407xx.o(RESET)
 <LI><a href="#[22]">Reset_Handler</a> from startup_stm32f407xx.o(.text) referenced from startup_stm32f407xx.o(RESET)
 <LI><a href="#[5d]">SDIO_IRQHandler</a> from stm32f4xx_it.o(i.SDIO_IRQHandler) referenced from startup_stm32f407xx.o(RESET)
 <LI><a href="#[a0]">SD_DMAError</a> from stm32f4xx_hal_sd.o(i.SD_DMAError) referenced from stm32f4xx_hal_sd.o(i.HAL_SD_ReadBlocks_DMA)
 <LI><a href="#[a0]">SD_DMAError</a> from stm32f4xx_hal_sd.o(i.SD_DMAError) referenced from stm32f4xx_hal_sd.o(i.HAL_SD_WriteBlocks_DMA)
 <LI><a href="#[9f]">SD_DMAReceiveCplt</a> from stm32f4xx_hal_sd.o(i.SD_DMAReceiveCplt) referenced from stm32f4xx_hal_sd.o(i.HAL_SD_ReadBlocks_DMA)
 <LI><a href="#[9e]">SD_DMARxAbort</a> from stm32f4xx_hal_sd.o(i.SD_DMARxAbort) referenced from stm32f4xx_hal_sd.o(i.HAL_SD_IRQHandler)
 <LI><a href="#[a1]">SD_DMATransmitCplt</a> from stm32f4xx_hal_sd.o(i.SD_DMATransmitCplt) referenced from stm32f4xx_hal_sd.o(i.HAL_SD_WriteBlocks_DMA)
 <LI><a href="#[9d]">SD_DMATxAbort</a> from stm32f4xx_hal_sd.o(i.SD_DMATxAbort) referenced from stm32f4xx_hal_sd.o(i.HAL_SD_IRQHandler)
 <LI><a href="#[cb]">SD_initialize</a> from sd_diskio.o(i.SD_initialize) referenced from sd_diskio.o(.constdata)
 <LI><a href="#[cf]">SD_ioctl</a> from sd_diskio.o(i.SD_ioctl) referenced from sd_diskio.o(.constdata)
 <LI><a href="#[cd]">SD_read</a> from sd_diskio.o(i.SD_read) referenced from sd_diskio.o(.constdata)
 <LI><a href="#[cc]">SD_status</a> from sd_diskio.o(i.SD_status) referenced from sd_diskio.o(.constdata)
 <LI><a href="#[ce]">SD_write</a> from sd_diskio.o(i.SD_write) referenced from sd_diskio.o(.constdata)
 <LI><a href="#[4f]">SPI1_IRQHandler</a> from startup_stm32f407xx.o(.text) referenced from startup_stm32f407xx.o(RESET)
 <LI><a href="#[50]">SPI2_IRQHandler</a> from startup_stm32f407xx.o(.text) referenced from startup_stm32f407xx.o(RESET)
 <LI><a href="#[5f]">SPI3_IRQHandler</a> from startup_stm32f407xx.o(.text) referenced from startup_stm32f407xx.o(RESET)
 <LI><a href="#[28]">SVC_Handler</a> from port.o(.emb_text) referenced from startup_stm32f407xx.o(RESET)
 <LI><a href="#[bc]">StartDefaultTask</a> from freertos.o(i.StartDefaultTask) referenced from freertos.o(.constdata)
 <LI><a href="#[be]">StartTask_main</a> from freertos.o(i.StartTask_main) referenced from freertos.o(.constdata)
 <LI><a href="#[bd]">StartTask_touch</a> from freertos.o(i.StartTask_touch) referenced from freertos.o(.constdata)
 <LI><a href="#[2b]">SysTick_Handler</a> from stm32f4xx_it.o(i.SysTick_Handler) referenced from startup_stm32f407xx.o(RESET)
 <LI><a href="#[7e]">SystemInit</a> from system_stm32f4xx.o(i.SystemInit) referenced from startup_stm32f407xx.o(.text)
 <LI><a href="#[2e]">TAMP_STAMP_IRQHandler</a> from startup_stm32f407xx.o(.text) referenced from startup_stm32f407xx.o(RESET)
 <LI><a href="#[90]">TEXT_Callback</a> from TEXT.o(.text.TEXT_Callback) referenced from TEXT.o(.text.TEXT_CreateUser)
 <LI><a href="#[d8]">TEXT_CreateIndirect</a> from TEXT.o(.text.TEXT_CreateIndirect) referenced 3 times from resultdlg.o(.constdata)
 <LI><a href="#[44]">TIM1_BRK_TIM9_IRQHandler</a> from startup_stm32f407xx.o(.text) referenced from startup_stm32f407xx.o(RESET)
 <LI><a href="#[47]">TIM1_CC_IRQHandler</a> from startup_stm32f407xx.o(.text) referenced from startup_stm32f407xx.o(RESET)
 <LI><a href="#[46]">TIM1_TRG_COM_TIM11_IRQHandler</a> from startup_stm32f407xx.o(.text) referenced from startup_stm32f407xx.o(RESET)
 <LI><a href="#[45]">TIM1_UP_TIM10_IRQHandler</a> from startup_stm32f407xx.o(.text) referenced from startup_stm32f407xx.o(RESET)
 <LI><a href="#[48]">TIM2_IRQHandler</a> from startup_stm32f407xx.o(.text) referenced from startup_stm32f407xx.o(RESET)
 <LI><a href="#[49]">TIM3_IRQHandler</a> from startup_stm32f407xx.o(.text) referenced from startup_stm32f407xx.o(RESET)
 <LI><a href="#[4a]">TIM4_IRQHandler</a> from startup_stm32f407xx.o(.text) referenced from startup_stm32f407xx.o(RESET)
 <LI><a href="#[5e]">TIM5_IRQHandler</a> from startup_stm32f407xx.o(.text) referenced from startup_stm32f407xx.o(RESET)
 <LI><a href="#[62]">TIM6_DAC_IRQHandler</a> from startup_stm32f407xx.o(.text) referenced from startup_stm32f407xx.o(RESET)
 <LI><a href="#[63]">TIM7_IRQHandler</a> from startup_stm32f407xx.o(.text) referenced from startup_stm32f407xx.o(RESET)
 <LI><a href="#[57]">TIM8_BRK_TIM12_IRQHandler</a> from startup_stm32f407xx.o(.text) referenced from startup_stm32f407xx.o(RESET)
 <LI><a href="#[5a]">TIM8_CC_IRQHandler</a> from startup_stm32f407xx.o(.text) referenced from startup_stm32f407xx.o(RESET)
 <LI><a href="#[59]">TIM8_TRG_COM_TIM14_IRQHandler</a> from startup_stm32f407xx.o(.text) referenced from startup_stm32f407xx.o(RESET)
 <LI><a href="#[58]">TIM8_UP_TIM13_IRQHandler</a> from startup_stm32f407xx.o(.text) referenced from startup_stm32f407xx.o(RESET)
 <LI><a href="#[60]">UART4_IRQHandler</a> from startup_stm32f407xx.o(.text) referenced from startup_stm32f407xx.o(RESET)
 <LI><a href="#[61]">UART5_IRQHandler</a> from startup_stm32f407xx.o(.text) referenced from startup_stm32f407xx.o(RESET)
 <LI><a href="#[51]">USART1_IRQHandler</a> from startup_stm32f407xx.o(.text) referenced from startup_stm32f407xx.o(RESET)
 <LI><a href="#[52]">USART2_IRQHandler</a> from startup_stm32f407xx.o(.text) referenced from startup_stm32f407xx.o(RESET)
 <LI><a href="#[53]">USART3_IRQHandler</a> from startup_stm32f407xx.o(.text) referenced from startup_stm32f407xx.o(RESET)
 <LI><a href="#[73]">USART6_IRQHandler</a> from startup_stm32f407xx.o(.text) referenced from startup_stm32f407xx.o(RESET)
 <LI><a href="#[5]">USBH_MSC_ClassRequest</a> from usbh_msc.o(i.USBH_MSC_ClassRequest) referenced 2 times from usbh_msc.o(.data)
 <LI><a href="#[4]">USBH_MSC_InterfaceDeInit</a> from usbh_msc.o(i.USBH_MSC_InterfaceDeInit) referenced 2 times from usbh_msc.o(.data)
 <LI><a href="#[3]">USBH_MSC_InterfaceInit</a> from usbh_msc.o(i.USBH_MSC_InterfaceInit) referenced 2 times from usbh_msc.o(.data)
 <LI><a href="#[6]">USBH_MSC_Process</a> from usbh_msc.o(i.USBH_MSC_Process) referenced 2 times from usbh_msc.o(.data)
 <LI><a href="#[7]">USBH_MSC_SOFProcess</a> from usbh_msc.o(i.USBH_MSC_SOFProcess) referenced 2 times from usbh_msc.o(.data)
 <LI><a href="#[d5]">USBH_Process_OS</a> from usbh_core.o(i.USBH_Process_OS) referenced from usbh_core.o(.constdata)
 <LI><a href="#[a2]">USBH_UserProcess</a> from usb_host.o(i.USBH_UserProcess) referenced from usb_host.o(i.MX_USB_HOST_Init)
 <LI><a href="#[d0]">USBH_initialize</a> from usbh_diskio.o(i.USBH_initialize) referenced from usbh_diskio.o(.constdata)
 <LI><a href="#[d4]">USBH_ioctl</a> from usbh_diskio.o(i.USBH_ioctl) referenced from usbh_diskio.o(.constdata)
 <LI><a href="#[d2]">USBH_read</a> from usbh_diskio.o(i.USBH_read) referenced from usbh_diskio.o(.constdata)
 <LI><a href="#[d1]">USBH_status</a> from usbh_diskio.o(i.USBH_status) referenced from usbh_diskio.o(.constdata)
 <LI><a href="#[d3]">USBH_write</a> from usbh_diskio.o(i.USBH_write) referenced from usbh_diskio.o(.constdata)
 <LI><a href="#[27]">UsageFault_Handler</a> from stm32f4xx_it.o(i.UsageFault_Handler) referenced from startup_stm32f407xx.o(RESET)
 <LI><a href="#[8a]">WM_HandlePID</a> from WM_Touch.o(.text.WM_HandlePID) referenced from GUI_PID.o(.text.GUI_PID_StoreState)
 <LI><a href="#[98]">WM__Paint1</a> from WM.o(.text.WM__Paint1) referenced from WM.o(.text._Paint1)
 <LI><a href="#[2c]">WWDG_IRQHandler</a> from startup_stm32f407xx.o(.text) referenced from startup_stm32f407xx.o(RESET)
 <LI><a href="#[119]">_CalcSizeOfChar</a> from GUI_UC_EncodeNone.o(.text._CalcSizeOfChar) referenced from GUI_UC_EncodeNone.o(.rodata)
 <LI><a href="#[dc]">_Color2IndexBulk</a> from GUICC_565.o(.text._Color2IndexBulk) referenced 2 times from GUICC_565.o(.rodata)
 <LI><a href="#[115]">_Color2IndexBulk_M8888I</a> from GUICC_M8888I.o(.text._Color2IndexBulk_M8888I) referenced from GUICC_M8888I.o(.rodata)
 <LI><a href="#[124]">_Color2Index_0</a> from GUICC_0.o(.text._Color2Index_0) referenced from GUICC_0.o(.rodata)
 <LI><a href="#[d9]">_Color2Index_565</a> from GUICC_565.o(.text._Color2Index_565) referenced from GUICC_565.o(.rodata)
 <LI><a href="#[de]">_Color2Index_8888</a> from GUICC_8888.o(.text._Color2Index_8888) referenced from GUICC_8888.o(.rodata)
 <LI><a href="#[113]">_Color2Index_M8888I</a> from GUICC_M8888I.o(.text._Color2Index_M8888I) referenced from GUICC_M8888I.o(.rodata)
 <LI><a href="#[c]">_Create</a> from BUTTON_Skin.o(.text._Create) referenced 4 times from BUTTON_Skin.o(.data)
 <LI><a href="#[112]">_Create</a> from BUTTON_SkinClassic.o(.text._Create) referenced from BUTTON_SkinClassic.o(.rodata)
 <LI><a href="#[bf]">_DrawBitmap</a> from guidrv_template.o(i._DrawBitmap) referenced from guidrv_template.o(.constdata)
 <LI><a href="#[f9]">_DrawBitmap</a> from GUIDEV_16.o(.text._DrawBitmap) referenced 2 times from GUIDEV_16.o(.rodata)
 <LI><a href="#[e5]">_DrawBitmapHW_8888</a> from GUI_DrawBitmap_8888.o(.text._DrawBitmapHW_8888) referenced from GUI_DrawBitmap_8888.o(.rodata)
 <LI><a href="#[e4]">_DrawBitmap_8888</a> from GUI_DrawBitmap_8888.o(.text._DrawBitmap_8888) referenced from GUI_DrawBitmap_8888.o(.rodata)
 <LI><a href="#[e3]">_DrawBitmap_M8888I</a> from GUI_DrawBitmap_8888.o(.text._DrawBitmap_M8888I) referenced from GUI_DrawBitmap_8888.o(.rodata)
 <LI><a href="#[14]">_DrawBkSpc</a> from enterimgpwd.o(i._DrawBkSpc) referenced 10 times from enterimgpwd.o(.data)
 <LI><a href="#[122]">_DrawDown</a> from WIDGET_Effect_Simple.o(.text._DrawDown) referenced from WIDGET_Effect_Simple.o(.rodata)
 <LI><a href="#[123]">_DrawDownRect</a> from WIDGET_Effect_Simple.o(.text._DrawDownRect) referenced from WIDGET_Effect_Simple.o(.rodata)
 <LI><a href="#[15]">_DrawEnter</a> from enterimgpwd.o(i._DrawEnter) referenced 4 times from enterimgpwd.o(.data)
 <LI><a href="#[c0]">_DrawHLine</a> from guidrv_template.o(i._DrawHLine) referenced from guidrv_template.o(.constdata)
 <LI><a href="#[fa]">_DrawHLine</a> from GUIDEV_16.o(.text._DrawHLine) referenced 2 times from GUIDEV_16.o(.rodata)
 <LI><a href="#[16]">_DrawRetern</a> from enterimgpwd.o(i._DrawRetern) referenced 8 times from enterimgpwd.o(.data)
 <LI><a href="#[13]">_DrawShift</a> from enterimgpwd.o(i._DrawShift) referenced 2 times from enterimgpwd.o(.data)
 <LI><a href="#[b0]">_DrawSkinFlex_BUTTON</a> from enterimgpwd.o(i._DrawSkinFlex_BUTTON) referenced from enterimgpwd.o(i.emwin_drawenglish_pad)
 <LI><a href="#[b0]">_DrawSkinFlex_BUTTON</a> from enterimgpwd.o(i._DrawSkinFlex_BUTTON) referenced from enterimgpwd.o(i.emwin_drawnumber_pad)
 <LI><a href="#[b0]">_DrawSkinFlex_BUTTON</a> from enterimgpwd.o(i._DrawSkinFlex_BUTTON) referenced from enterimgpwd.o(i.emwin_drawsign_pad)
 <LI><a href="#[b0]">_DrawSkinFlex_BUTTON</a> from enterimgpwd.o(i._DrawSkinFlex_BUTTON) referenced from enterimgpwd.o(i.enter_ImgPwdPad)
 <LI><a href="#[120]">_DrawUp</a> from WIDGET_Effect_Simple.o(.text._DrawUp) referenced from WIDGET_Effect_Simple.o(.rodata)
 <LI><a href="#[121]">_DrawUpRect</a> from WIDGET_Effect_Simple.o(.text._DrawUpRect) referenced from WIDGET_Effect_Simple.o(.rodata)
 <LI><a href="#[c1]">_DrawVLine</a> from guidrv_template.o(i._DrawVLine) referenced from guidrv_template.o(.constdata)
 <LI><a href="#[fb]">_DrawVLine</a> from GUIDEV_16.o(.text._DrawVLine) referenced 2 times from GUIDEV_16.o(.rodata)
 <LI><a href="#[11a]">_Encode</a> from GUI_UC_EncodeNone.o(.text._Encode) referenced from GUI_UC_EncodeNone.o(.rodata)
 <LI><a href="#[c2]">_FillRect</a> from guidrv_template.o(i._FillRect) referenced from guidrv_template.o(.constdata)
 <LI><a href="#[fc]">_FillRect</a> from GUIDEV_16.o(.text._FillRect) referenced 2 times from GUIDEV_16.o(.rodata)
 <LI><a href="#[11e]">_GUI_USAGE_BM_Delete</a> from GUIDEV_UsageBM.o(.text._GUI_USAGE_BM_Delete) referenced from GUIDEV_UsageBM.o(.rodata)
 <LI><a href="#[1e]">_GetBorderSize</a> from FRAMEWIN_Skin.o(.text._GetBorderSize) referenced 2 times from FRAMEWIN_Skin.o(.data)
 <LI><a href="#[117]">_GetCharCode</a> from GUI_UC_EncodeNone.o(.text._GetCharCode) referenced from GUI_UC_EncodeNone.o(.rodata)
 <LI><a href="#[118]">_GetCharSize</a> from GUI_UC_EncodeNone.o(.text._GetCharSize) referenced from GUI_UC_EncodeNone.o(.rodata)
 <LI><a href="#[11]">_GetCharWrap</a> from GUI__Wrap.o(.text._GetCharWrap) referenced 2 times from GUI__Wrap.o(.data)
 <LI><a href="#[f]">_GetCursorCharacter</a> from GUI__GetCursorPos.o(.text._GetCursorCharacter) referenced 2 times from GUI__GetCursorPos.o(.data)
 <LI><a href="#[e]">_GetCursorPosChar</a> from GUI__GetCursorPos.o(.text._GetCursorPosChar) referenced 2 times from GUI__GetCursorPos.o(.data)
 <LI><a href="#[d]">_GetCursorPosX</a> from GUI__GetCursorPos.o(.text._GetCursorPosX) referenced 2 times from GUI__GetCursorPos.o(.data)
 <LI><a href="#[c9]">_GetDevData</a> from guidrv_template.o(i._GetDevData) referenced from guidrv_template.o(.constdata)
 <LI><a href="#[103]">_GetDevData</a> from GUIDEV_16.o(.text._GetDevData) referenced 2 times from GUIDEV_16.o(.rodata)
 <LI><a href="#[c7]">_GetDevFunc</a> from guidrv_template.o(i._GetDevFunc) referenced from guidrv_template.o(.constdata)
 <LI><a href="#[101]">_GetDevFunc</a> from GUIDEV_16.o(.text._GetDevFunc) referenced 2 times from GUIDEV_16.o(.rodata)
 <LI><a href="#[c8]">_GetDevProp</a> from guidrv_template.o(i._GetDevProp) referenced from guidrv_template.o(.constdata)
 <LI><a href="#[102]">_GetDevProp</a> from GUIDEV_16.o(.text._GetDevProp) referenced 2 times from GUIDEV_16.o(.rodata)
 <LI><a href="#[126]">_GetIndexMask_0</a> from GUICC_0.o(.text._GetIndexMask_0) referenced from GUICC_0.o(.rodata)
 <LI><a href="#[db]">_GetIndexMask_565</a> from GUICC_565.o(.text._GetIndexMask_565) referenced from GUICC_565.o(.rodata)
 <LI><a href="#[df]">_GetIndexMask_8888</a> from GUICC_8888.o(.text._GetIndexMask_8888) referenced from GUICC_8888.o(.rodata)
 <LI><a href="#[114]">_GetIndexMask_M8888I</a> from GUICC_M8888I.o(.text._GetIndexMask_M8888I) referenced from GUICC_M8888I.o(.rodata)
 <LI><a href="#[c3]">_GetPixelIndex</a> from guidrv_template.o(i._GetPixelIndex) referenced from guidrv_template.o(.constdata)
 <LI><a href="#[fd]">_GetPixelIndex</a> from GUIDEV_16.o(.text._GetPixelIndex) referenced 2 times from GUIDEV_16.o(.rodata)
 <LI><a href="#[ca]">_GetRect</a> from guidrv_template.o(i._GetRect) referenced from guidrv_template.o(.constdata)
 <LI><a href="#[104]">_GetRect</a> from GUIDEV_16.o(.text._GetRect) referenced 2 times from GUIDEV_16.o(.rodata)
 <LI><a href="#[10]">_GetWordWrap</a> from GUI__Wrap.o(.text._GetWordWrap) referenced 2 times from GUI__Wrap.o(.data)
 <LI><a href="#[dd]">_Index2ColorBulk</a> from GUICC_565.o(.text._Index2ColorBulk) referenced 2 times from GUICC_565.o(.rodata)
 <LI><a href="#[116]">_Index2ColorBulk_M8888I</a> from GUICC_M8888I.o(.text._Index2ColorBulk_M8888I) referenced from GUICC_M8888I.o(.rodata)
 <LI><a href="#[125]">_Index2Color_0</a> from GUICC_0.o(.text._Index2Color_0) referenced from GUICC_0.o(.rodata)
 <LI><a href="#[a6]">_Init</a> from guidrv_template.o(i._Init) referenced from guidrv_template.o(i._GetDevFunc)
 <LI><a href="#[1f]">_Log2VisBuffered</a> from GUI_CharLine.o(.text._Log2VisBuffered) referenced 2 times from GUI_CharLine.o(.data)
 <LI><a href="#[a8]">_Off</a> from guidrv_template.o(i._Off) referenced from guidrv_template.o(i._GetDevFunc)
 <LI><a href="#[a7]">_On</a> from guidrv_template.o(i._On) referenced from guidrv_template.o(i._GetDevFunc)
 <LI><a href="#[87]">_OnExit</a> from GUI_Task.o(.text._OnExit) referenced from GUI_Task.o(.text.GUITASK_Init)
 <LI><a href="#[89]">_OnExit</a> from GUI_PID.o(.text._OnExit) referenced from GUI_PID.o(.text.GUI_PID_StoreState)
 <LI><a href="#[8b]">_OnExit</a> from GUI_Core.o(.text._OnExit) referenced from GUI_Core.o(.text.GUI__Config)
 <LI><a href="#[8e]">_OnExit</a> from GUI__Alpha.o(.text._OnExit) referenced from GUI__Alpha.o(.text.GUI__GetAlphaBuffer)
 <LI><a href="#[8f]">_OnExit</a> from LCD_Color.o(.text._OnExit) referenced from LCD_Color.o(.text.LCD_InitColors)
 <LI><a href="#[93]">_OnExit</a> from WM.o(.text._OnExit) referenced from WM.o(.text.WM_Init)
 <LI><a href="#[18]">_OnTouchDefault</a> from BUTTON.o(.text._OnTouchDefault) referenced 2 times from BUTTON.o(.data)
 <LI><a href="#[b]">_Paint</a> from BUTTON_Skin.o(.text._Paint) referenced 4 times from BUTTON_Skin.o(.data)
 <LI><a href="#[111]">_Paint</a> from BUTTON_SkinClassic.o(.text._Paint) referenced from BUTTON_SkinClassic.o(.rodata)
 <LI><a href="#[e6]">_QR_Mask0</a> from GUI_QR.o(.text._QR_Mask0) referenced from GUI_QR.o(.rodata)
 <LI><a href="#[e7]">_QR_Mask1</a> from GUI_QR.o(.text._QR_Mask1) referenced from GUI_QR.o(.rodata)
 <LI><a href="#[e8]">_QR_Mask2</a> from GUI_QR.o(.text._QR_Mask2) referenced from GUI_QR.o(.rodata)
 <LI><a href="#[e9]">_QR_Mask3</a> from GUI_QR.o(.text._QR_Mask3) referenced from GUI_QR.o(.rodata)
 <LI><a href="#[ea]">_QR_Mask4</a> from GUI_QR.o(.text._QR_Mask4) referenced from GUI_QR.o(.rodata)
 <LI><a href="#[eb]">_QR_Mask5</a> from GUI_QR.o(.text._QR_Mask5) referenced from GUI_QR.o(.rodata)
 <LI><a href="#[ec]">_QR_Mask6</a> from GUI_QR.o(.text._QR_Mask6) referenced from GUI_QR.o(.rodata)
 <LI><a href="#[ed]">_QR_Mask7</a> from GUI_QR.o(.text._QR_Mask7) referenced from GUI_QR.o(.rodata)
 <LI><a href="#[ef]">_SetBkColor</a> from LCD.o(.text._SetBkColor) referenced from LCD.o(.rodata)
 <LI><a href="#[ee]">_SetColor</a> from LCD.o(.text._SetColor) referenced from LCD.o(.rodata)
 <LI><a href="#[f0]">_SetDrawMode</a> from LCD.o(.text._SetDrawMode) referenced from LCD.o(.rodata)
 <LI><a href="#[a9]">_SetLUTEntry</a> from guidrv_template.o(i._SetLUTEntry) referenced from guidrv_template.o(i._GetDevFunc)
 <LI><a href="#[c6]">_SetOrg</a> from guidrv_template.o(i._SetOrg) referenced from guidrv_template.o(.constdata)
 <LI><a href="#[100]">_SetOrg</a> from GUIDEV_16.o(.text._SetOrg) referenced 2 times from GUIDEV_16.o(.rodata)
 <LI><a href="#[17]">_SetPixelAlpha</a> from GUI_DrawBitmap_8888.o(.text._SetPixelAlpha) referenced 2 times from GUI_DrawBitmap_8888.o(.data)
 <LI><a href="#[c4]">_SetPixelIndex</a> from guidrv_template.o(i._SetPixelIndex) referenced from guidrv_template.o(.constdata)
 <LI><a href="#[fe]">_SetPixelIndex</a> from GUIDEV_16.o(.text._SetPixelIndex) referenced 2 times from GUIDEV_16.o(.rodata)
 <LI><a href="#[a5]">_SetSize</a> from guidrv_template.o(i._SetSize) referenced from guidrv_template.o(i._GetDevFunc)
 <LI><a href="#[a3]">_SetVRAMAddr</a> from guidrv_template.o(i._SetVRAMAddr) referenced from guidrv_template.o(i._GetDevFunc)
 <LI><a href="#[a4]">_SetVSize</a> from guidrv_template.o(i._SetVSize) referenced from guidrv_template.o(i._GetDevFunc)
 <LI><a href="#[c5]">_XorPixel</a> from guidrv_template.o(i._XorPixel) referenced from guidrv_template.o(.constdata)
 <LI><a href="#[ff]">_XorPixel</a> from GUIDEV_16.o(.text._XorPixel) referenced 2 times from GUIDEV_16.o(.rodata)
 <LI><a href="#[7f]">__main</a> from entry.o(.ARM.Collect$$$$00000000) referenced from startup_stm32f407xx.o(.text)
 <LI><a href="#[92]">_cbBackWin</a> from WM.o(.text._cbBackWin) referenced from WM.o(.text.WM_Init)
 <LI><a href="#[b1]">_cbBk</a> from enterimgpwd.o(i._cbBk) referenced from enterimgpwd.o(i.enter_ImgPwdPad)
 <LI><a href="#[b7]">_cbBkWin1</a> from selectimgwin.o(i._cbBkWin1) referenced from selectimgwin.o(i.invokeSeleImgWin)
 <LI><a href="#[b6]">_cbBkWin_qr</a> from showqrcode.o(i._cbBkWin_qr) referenced from showqrcode.o(i.invokeQrcode)
 <LI><a href="#[9a]">_cbDialog</a> from resultdlg.o(i._cbDialog) referenced from resultdlg.o(i.CreateFramewin)
 <LI><a href="#[9b]">_cbDialog</a> from maindlg.o(i._cbDialog) referenced from maindlg.o(i.CreateMain)
 <LI><a href="#[91]">_cbInvalidateOne</a> from WM_BringToTop.o(.text._cbInvalidateOne) referenced from WM_BringToTop.o(.text.WM_BringToTop)
 <LI><a href="#[b2]">_cbKeyPad</a> from enterimgpwd.o(i._cbKeyPad) referenced from enterimgpwd.o(i.enter_ImgPwdPad)
 <LI><a href="#[94]">_cbPaintMemDev</a> from WM.o(.text._cbPaintMemDev) referenced from WM.o(.text.WM__Paint)
 <LI><a href="#[aa]">_free_fn</a> from gui_png.o(i._free_fn) referenced from gui_png.o(i._GetImageHeader)
 <LI><a href="#[ab]">_malloc_fn</a> from gui_png.o(i._malloc_fn) referenced from gui_png.o(i._GetImageHeader)
 <LI><a href="#[ac]">_png_cexcept_error</a> from gui_png.o(i._png_cexcept_error) referenced from gui_png.o(i._GetImageHeader)
 <LI><a href="#[ad]">_png_read_data</a> from gui_png.o(i._png_read_data) referenced from gui_png.o(i._GetImageHeader)
 <LI><a href="#[81]">_sbackspace</a> from _sgetc.o(.text) referenced from strtod.o(.text)
 <LI><a href="#[b3]">_setPwd_cb</a> from enterimgpwd.o(i._setPwd_cb) referenced from enterimgpwd.o(i.enter_ImgPwdPad)
 <LI><a href="#[80]">_sgetc</a> from _sgetc.o(.text) referenced from strtod.o(.text)
 <LI><a href="#[af]">_sputc</a> from printf8.o(i._sputc) referenced from printf8.o(i.__0sprintf$8)
 <LI><a href="#[ae]">fputc</a> from main.o(i.fputc) referenced from printf8.o(i.__0printf$8)
 <LI><a href="#[82]">isspace</a> from isspace_c.o(.text) referenced from strtod.o(.text)
 <LI><a href="#[7d]">main</a> from main.o(i.main) referenced from entry9a.o(.ARM.Collect$$$$0000000B)
 <LI><a href="#[20]">memcpy</a> from memmove.o(.text) referenced 2 times from GUI__Private.o(.data)
 <LI><a href="#[21]">memset</a> from memseta.o(.text) referenced 2 times from GUI__Private.o(.data)
 <LI><a href="#[b8]">png_zalloc</a> from png.o(i.png_zalloc) referenced from pngread.o(i.png_create_read_struct_2)
 <LI><a href="#[b9]">png_zfree</a> from png.o(i.png_zfree) referenced from pngread.o(i.png_create_read_struct_2)
 <LI><a href="#[bb]">prvIdleTask</a> from tasks.o(i.prvIdleTask) referenced from tasks.o(i.vTaskStartScheduler)
 <LI><a href="#[ba]">prvTaskExitError</a> from port.o(i.prvTaskExitError) referenced from port.o(i.pxPortInitialiseStack)
 <LI><a href="#[b4]">zcalloc</a> from zutil.o(i.zcalloc) referenced from inflate.o(i.inflateInit2_)
 <LI><a href="#[b5]">zcfree</a> from zutil.o(i.zcfree) referenced from inflate.o(i.inflateInit2_)
</UL>
<P>
<H3>
Global Symbols
</H3>
<P><STRONG><a name="[7f]"></a>__main</STRONG> (Thumb, 0 bytes, Stack size unknown bytes, entry.o(.ARM.Collect$$$$00000000))
<BR>[Address Reference Count : 1]<UL><LI> startup_stm32f407xx.o(.text)
</UL>
<P><STRONG><a name="[5c9]"></a>_main_stk</STRONG> (Thumb, 0 bytes, Stack size unknown bytes, entry2.o(.ARM.Collect$$$$00000001))

<P><STRONG><a name="[127]"></a>_main_scatterload</STRONG> (Thumb, 0 bytes, Stack size unknown bytes, entry5.o(.ARM.Collect$$$$00000004))
<BR><BR>[Calls]<UL><LI><a href="#[128]">&gt;&gt;</a>&nbsp;&nbsp;&nbsp;__scatterload
</UL>

<P><STRONG><a name="[140]"></a>__main_after_scatterload</STRONG> (Thumb, 0 bytes, Stack size unknown bytes, entry5.o(.ARM.Collect$$$$00000004))
<BR><BR>[Called By]<UL><LI><a href="#[128]">&gt;&gt;</a>&nbsp;&nbsp;&nbsp;__scatterload
</UL>

<P><STRONG><a name="[5ca]"></a>_main_clock</STRONG> (Thumb, 0 bytes, Stack size unknown bytes, entry7b.o(.ARM.Collect$$$$00000008))

<P><STRONG><a name="[5cb]"></a>_main_cpp_init</STRONG> (Thumb, 0 bytes, Stack size unknown bytes, entry8b.o(.ARM.Collect$$$$0000000A))

<P><STRONG><a name="[5cc]"></a>_main_init</STRONG> (Thumb, 0 bytes, Stack size unknown bytes, entry9a.o(.ARM.Collect$$$$0000000B))

<P><STRONG><a name="[5cd]"></a>__rt_final_cpp</STRONG> (Thumb, 0 bytes, Stack size unknown bytes, entry10a.o(.ARM.Collect$$$$0000000D))

<P><STRONG><a name="[5ce]"></a>__rt_final_exit</STRONG> (Thumb, 0 bytes, Stack size unknown bytes, entry11a.o(.ARM.Collect$$$$0000000F))

<P><STRONG><a name="[28]"></a>SVC_Handler</STRONG> (Thumb, 28 bytes, Stack size 0 bytes, port.o(.emb_text))
<BR>[Address Reference Count : 1]<UL><LI> startup_stm32f407xx.o(RESET)
</UL>
<P><STRONG><a name="[5c1]"></a>__asm___6_port_c_39a90d8d__prvStartFirstTask</STRONG> (Thumb, 36 bytes, Stack size 0 bytes, port.o(.emb_text))
<BR><BR>[Called By]<UL><LI><a href="#[5be]">&gt;&gt;</a>&nbsp;&nbsp;&nbsp;xPortStartScheduler
</UL>

<P><STRONG><a name="[5c0]"></a>__asm___6_port_c_39a90d8d__prvEnableVFP</STRONG> (Thumb, 16 bytes, Stack size 0 bytes, port.o(.emb_text))
<BR><BR>[Called By]<UL><LI><a href="#[5be]">&gt;&gt;</a>&nbsp;&nbsp;&nbsp;xPortStartScheduler
</UL>

<P><STRONG><a name="[2a]"></a>PendSV_Handler</STRONG> (Thumb, 88 bytes, Stack size 0 bytes, port.o(.emb_text))
<BR><BR>[Calls]<UL><LI><a href="#[129]">&gt;&gt;</a>&nbsp;&nbsp;&nbsp;vTaskSwitchContext
</UL>
<BR>[Address Reference Count : 1]<UL><LI> startup_stm32f407xx.o(RESET)
</UL>
<P><STRONG><a name="[5b9]"></a>vPortGetIPSR</STRONG> (Thumb, 6 bytes, Stack size 0 bytes, port.o(.emb_text))
<BR><BR>[Called By]<UL><LI><a href="#[5b8]">&gt;&gt;</a>&nbsp;&nbsp;&nbsp;vPortValidateInterruptPriority
</UL>

<P><STRONG><a name="[22]"></a>Reset_Handler</STRONG> (Thumb, 8 bytes, Stack size 0 bytes, startup_stm32f407xx.o(.text))
<BR>[Address Reference Count : 1]<UL><LI> startup_stm32f407xx.o(RESET)
</UL>
<P><STRONG><a name="[3e]"></a>ADC_IRQHandler</STRONG> (Thumb, 0 bytes, Stack size 0 bytes, startup_stm32f407xx.o(.text))
<BR><BR>[Calls]<UL><LI><a href="#[3e]">&gt;&gt;</a>&nbsp;&nbsp;&nbsp;ADC_IRQHandler
</UL>
<BR>[Called By]<UL><LI><a href="#[3e]">&gt;&gt;</a>&nbsp;&nbsp;&nbsp;ADC_IRQHandler
</UL>
<BR>[Address Reference Count : 1]<UL><LI> startup_stm32f407xx.o(RESET)
</UL>
<P><STRONG><a name="[40]"></a>CAN1_RX0_IRQHandler</STRONG> (Thumb, 0 bytes, Stack size 0 bytes, startup_stm32f407xx.o(.text))
<BR>[Address Reference Count : 1]<UL><LI> startup_stm32f407xx.o(RESET)
</UL>
<P><STRONG><a name="[41]"></a>CAN1_RX1_IRQHandler</STRONG> (Thumb, 0 bytes, Stack size 0 bytes, startup_stm32f407xx.o(.text))
<BR>[Address Reference Count : 1]<UL><LI> startup_stm32f407xx.o(RESET)
</UL>
<P><STRONG><a name="[42]"></a>CAN1_SCE_IRQHandler</STRONG> (Thumb, 0 bytes, Stack size 0 bytes, startup_stm32f407xx.o(.text))
<BR>[Address Reference Count : 1]<UL><LI> startup_stm32f407xx.o(RESET)
</UL>
<P><STRONG><a name="[3f]"></a>CAN1_TX_IRQHandler</STRONG> (Thumb, 0 bytes, Stack size 0 bytes, startup_stm32f407xx.o(.text))
<BR>[Address Reference Count : 1]<UL><LI> startup_stm32f407xx.o(RESET)
</UL>
<P><STRONG><a name="[6c]"></a>CAN2_RX0_IRQHandler</STRONG> (Thumb, 0 bytes, Stack size 0 bytes, startup_stm32f407xx.o(.text))
<BR>[Address Reference Count : 1]<UL><LI> startup_stm32f407xx.o(RESET)
</UL>
<P><STRONG><a name="[6d]"></a>CAN2_RX1_IRQHandler</STRONG> (Thumb, 0 bytes, Stack size 0 bytes, startup_stm32f407xx.o(.text))
<BR>[Address Reference Count : 1]<UL><LI> startup_stm32f407xx.o(RESET)
</UL>
<P><STRONG><a name="[6e]"></a>CAN2_SCE_IRQHandler</STRONG> (Thumb, 0 bytes, Stack size 0 bytes, startup_stm32f407xx.o(.text))
<BR>[Address Reference Count : 1]<UL><LI> startup_stm32f407xx.o(RESET)
</UL>
<P><STRONG><a name="[6b]"></a>CAN2_TX_IRQHandler</STRONG> (Thumb, 0 bytes, Stack size 0 bytes, startup_stm32f407xx.o(.text))
<BR>[Address Reference Count : 1]<UL><LI> startup_stm32f407xx.o(RESET)
</UL>
<P><STRONG><a name="[7a]"></a>DCMI_IRQHandler</STRONG> (Thumb, 0 bytes, Stack size 0 bytes, startup_stm32f407xx.o(.text))
<BR>[Address Reference Count : 1]<UL><LI> startup_stm32f407xx.o(RESET)
</UL>
<P><STRONG><a name="[37]"></a>DMA1_Stream0_IRQHandler</STRONG> (Thumb, 0 bytes, Stack size 0 bytes, startup_stm32f407xx.o(.text))
<BR>[Address Reference Count : 1]<UL><LI> startup_stm32f407xx.o(RESET)
</UL>
<P><STRONG><a name="[38]"></a>DMA1_Stream1_IRQHandler</STRONG> (Thumb, 0 bytes, Stack size 0 bytes, startup_stm32f407xx.o(.text))
<BR>[Address Reference Count : 1]<UL><LI> startup_stm32f407xx.o(RESET)
</UL>
<P><STRONG><a name="[39]"></a>DMA1_Stream2_IRQHandler</STRONG> (Thumb, 0 bytes, Stack size 0 bytes, startup_stm32f407xx.o(.text))
<BR>[Address Reference Count : 1]<UL><LI> startup_stm32f407xx.o(RESET)
</UL>
<P><STRONG><a name="[3a]"></a>DMA1_Stream3_IRQHandler</STRONG> (Thumb, 0 bytes, Stack size 0 bytes, startup_stm32f407xx.o(.text))
<BR>[Address Reference Count : 1]<UL><LI> startup_stm32f407xx.o(RESET)
</UL>
<P><STRONG><a name="[3b]"></a>DMA1_Stream4_IRQHandler</STRONG> (Thumb, 0 bytes, Stack size 0 bytes, startup_stm32f407xx.o(.text))
<BR>[Address Reference Count : 1]<UL><LI> startup_stm32f407xx.o(RESET)
</UL>
<P><STRONG><a name="[3c]"></a>DMA1_Stream5_IRQHandler</STRONG> (Thumb, 0 bytes, Stack size 0 bytes, startup_stm32f407xx.o(.text))
<BR>[Address Reference Count : 1]<UL><LI> startup_stm32f407xx.o(RESET)
</UL>
<P><STRONG><a name="[3d]"></a>DMA1_Stream6_IRQHandler</STRONG> (Thumb, 0 bytes, Stack size 0 bytes, startup_stm32f407xx.o(.text))
<BR>[Address Reference Count : 1]<UL><LI> startup_stm32f407xx.o(RESET)
</UL>
<P><STRONG><a name="[5b]"></a>DMA1_Stream7_IRQHandler</STRONG> (Thumb, 0 bytes, Stack size 0 bytes, startup_stm32f407xx.o(.text))
<BR>[Address Reference Count : 1]<UL><LI> startup_stm32f407xx.o(RESET)
</UL>
<P><STRONG><a name="[64]"></a>DMA2_Stream0_IRQHandler</STRONG> (Thumb, 0 bytes, Stack size 0 bytes, startup_stm32f407xx.o(.text))
<BR>[Address Reference Count : 1]<UL><LI> startup_stm32f407xx.o(RESET)
</UL>
<P><STRONG><a name="[65]"></a>DMA2_Stream1_IRQHandler</STRONG> (Thumb, 0 bytes, Stack size 0 bytes, startup_stm32f407xx.o(.text))
<BR>[Address Reference Count : 1]<UL><LI> startup_stm32f407xx.o(RESET)
</UL>
<P><STRONG><a name="[66]"></a>DMA2_Stream2_IRQHandler</STRONG> (Thumb, 0 bytes, Stack size 0 bytes, startup_stm32f407xx.o(.text))
<BR>[Address Reference Count : 1]<UL><LI> startup_stm32f407xx.o(RESET)
</UL>
<P><STRONG><a name="[68]"></a>DMA2_Stream4_IRQHandler</STRONG> (Thumb, 0 bytes, Stack size 0 bytes, startup_stm32f407xx.o(.text))
<BR>[Address Reference Count : 1]<UL><LI> startup_stm32f407xx.o(RESET)
</UL>
<P><STRONG><a name="[70]"></a>DMA2_Stream5_IRQHandler</STRONG> (Thumb, 0 bytes, Stack size 0 bytes, startup_stm32f407xx.o(.text))
<BR>[Address Reference Count : 1]<UL><LI> startup_stm32f407xx.o(RESET)
</UL>
<P><STRONG><a name="[72]"></a>DMA2_Stream7_IRQHandler</STRONG> (Thumb, 0 bytes, Stack size 0 bytes, startup_stm32f407xx.o(.text))
<BR>[Address Reference Count : 1]<UL><LI> startup_stm32f407xx.o(RESET)
</UL>
<P><STRONG><a name="[69]"></a>ETH_IRQHandler</STRONG> (Thumb, 0 bytes, Stack size 0 bytes, startup_stm32f407xx.o(.text))
<BR>[Address Reference Count : 1]<UL><LI> startup_stm32f407xx.o(RESET)
</UL>
<P><STRONG><a name="[6a]"></a>ETH_WKUP_IRQHandler</STRONG> (Thumb, 0 bytes, Stack size 0 bytes, startup_stm32f407xx.o(.text))
<BR>[Address Reference Count : 1]<UL><LI> startup_stm32f407xx.o(RESET)
</UL>
<P><STRONG><a name="[32]"></a>EXTI0_IRQHandler</STRONG> (Thumb, 0 bytes, Stack size 0 bytes, startup_stm32f407xx.o(.text))
<BR>[Address Reference Count : 1]<UL><LI> startup_stm32f407xx.o(RESET)
</UL>
<P><STRONG><a name="[54]"></a>EXTI15_10_IRQHandler</STRONG> (Thumb, 0 bytes, Stack size 0 bytes, startup_stm32f407xx.o(.text))
<BR>[Address Reference Count : 1]<UL><LI> startup_stm32f407xx.o(RESET)
</UL>
<P><STRONG><a name="[33]"></a>EXTI1_IRQHandler</STRONG> (Thumb, 0 bytes, Stack size 0 bytes, startup_stm32f407xx.o(.text))
<BR>[Address Reference Count : 1]<UL><LI> startup_stm32f407xx.o(RESET)
</UL>
<P><STRONG><a name="[34]"></a>EXTI2_IRQHandler</STRONG> (Thumb, 0 bytes, Stack size 0 bytes, startup_stm32f407xx.o(.text))
<BR>[Address Reference Count : 1]<UL><LI> startup_stm32f407xx.o(RESET)
</UL>
<P><STRONG><a name="[35]"></a>EXTI3_IRQHandler</STRONG> (Thumb, 0 bytes, Stack size 0 bytes, startup_stm32f407xx.o(.text))
<BR>[Address Reference Count : 1]<UL><LI> startup_stm32f407xx.o(RESET)
</UL>
<P><STRONG><a name="[36]"></a>EXTI4_IRQHandler</STRONG> (Thumb, 0 bytes, Stack size 0 bytes, startup_stm32f407xx.o(.text))
<BR>[Address Reference Count : 1]<UL><LI> startup_stm32f407xx.o(RESET)
</UL>
<P><STRONG><a name="[43]"></a>EXTI9_5_IRQHandler</STRONG> (Thumb, 0 bytes, Stack size 0 bytes, startup_stm32f407xx.o(.text))
<BR>[Address Reference Count : 1]<UL><LI> startup_stm32f407xx.o(RESET)
</UL>
<P><STRONG><a name="[30]"></a>FLASH_IRQHandler</STRONG> (Thumb, 0 bytes, Stack size 0 bytes, startup_stm32f407xx.o(.text))
<BR>[Address Reference Count : 1]<UL><LI> startup_stm32f407xx.o(RESET)
</UL>
<P><STRONG><a name="[5c]"></a>FMC_IRQHandler</STRONG> (Thumb, 0 bytes, Stack size 0 bytes, startup_stm32f407xx.o(.text))
<BR>[Address Reference Count : 1]<UL><LI> startup_stm32f407xx.o(RESET)
</UL>
<P><STRONG><a name="[7c]"></a>FPU_IRQHandler</STRONG> (Thumb, 0 bytes, Stack size 0 bytes, startup_stm32f407xx.o(.text))
<BR>[Address Reference Count : 1]<UL><LI> startup_stm32f407xx.o(RESET)
</UL>
<P><STRONG><a name="[7b]"></a>HASH_RNG_IRQHandler</STRONG> (Thumb, 0 bytes, Stack size 0 bytes, startup_stm32f407xx.o(.text))
<BR>[Address Reference Count : 1]<UL><LI> startup_stm32f407xx.o(RESET)
</UL>
<P><STRONG><a name="[4c]"></a>I2C1_ER_IRQHandler</STRONG> (Thumb, 0 bytes, Stack size 0 bytes, startup_stm32f407xx.o(.text))
<BR>[Address Reference Count : 1]<UL><LI> startup_stm32f407xx.o(RESET)
</UL>
<P><STRONG><a name="[4b]"></a>I2C1_EV_IRQHandler</STRONG> (Thumb, 0 bytes, Stack size 0 bytes, startup_stm32f407xx.o(.text))
<BR>[Address Reference Count : 1]<UL><LI> startup_stm32f407xx.o(RESET)
</UL>
<P><STRONG><a name="[4e]"></a>I2C2_ER_IRQHandler</STRONG> (Thumb, 0 bytes, Stack size 0 bytes, startup_stm32f407xx.o(.text))
<BR>[Address Reference Count : 1]<UL><LI> startup_stm32f407xx.o(RESET)
</UL>
<P><STRONG><a name="[4d]"></a>I2C2_EV_IRQHandler</STRONG> (Thumb, 0 bytes, Stack size 0 bytes, startup_stm32f407xx.o(.text))
<BR>[Address Reference Count : 1]<UL><LI> startup_stm32f407xx.o(RESET)
</UL>
<P><STRONG><a name="[75]"></a>I2C3_ER_IRQHandler</STRONG> (Thumb, 0 bytes, Stack size 0 bytes, startup_stm32f407xx.o(.text))
<BR>[Address Reference Count : 1]<UL><LI> startup_stm32f407xx.o(RESET)
</UL>
<P><STRONG><a name="[74]"></a>I2C3_EV_IRQHandler</STRONG> (Thumb, 0 bytes, Stack size 0 bytes, startup_stm32f407xx.o(.text))
<BR>[Address Reference Count : 1]<UL><LI> startup_stm32f407xx.o(RESET)
</UL>
<P><STRONG><a name="[56]"></a>OTG_FS_WKUP_IRQHandler</STRONG> (Thumb, 0 bytes, Stack size 0 bytes, startup_stm32f407xx.o(.text))
<BR>[Address Reference Count : 1]<UL><LI> startup_stm32f407xx.o(RESET)
</UL>
<P><STRONG><a name="[77]"></a>OTG_HS_EP1_IN_IRQHandler</STRONG> (Thumb, 0 bytes, Stack size 0 bytes, startup_stm32f407xx.o(.text))
<BR>[Address Reference Count : 1]<UL><LI> startup_stm32f407xx.o(RESET)
</UL>
<P><STRONG><a name="[76]"></a>OTG_HS_EP1_OUT_IRQHandler</STRONG> (Thumb, 0 bytes, Stack size 0 bytes, startup_stm32f407xx.o(.text))
<BR>[Address Reference Count : 1]<UL><LI> startup_stm32f407xx.o(RESET)
</UL>
<P><STRONG><a name="[79]"></a>OTG_HS_IRQHandler</STRONG> (Thumb, 0 bytes, Stack size 0 bytes, startup_stm32f407xx.o(.text))
<BR>[Address Reference Count : 1]<UL><LI> startup_stm32f407xx.o(RESET)
</UL>
[...]
<LI><a href="#[2b7]">&gt;&gt;</a>&nbsp;&nbsp;&nbsp;GUI__WrapGetNumCharsToNextLine
</UL>

<P><STRONG><a name="[8f]"></a>_OnExit</STRONG> (Thumb, 28 bytes, Stack size unknown bytes, LCD_Color.o(.text._OnExit))
<BR><BR>[Calls]<UL><LI><a href="#[1e6]">&gt;&gt;</a>&nbsp;&nbsp;&nbsp;GUI_ALLOC_FreeFixedBlock
</UL>
<BR>[Address Reference Count : 1]<UL><LI> LCD_Color.o(.text.LCD_InitColors)
</UL>
<P><STRONG><a name="[23e]"></a>_CreateStaticDevice</STRONG> (Thumb, 356 bytes, Stack size unknown bytes, GUIDEV_StaticDevices.o(.text._CreateStaticDevice))
<BR><BR>[Stack]<UL><LI>Max Depth = 128 + Unknown Stack Size
<LI>Call Chain = _CreateStaticDevice &rArr; WM_GetWindowOrgX &rArr; GUI_Unlock &rArr; GUI_X_Unlock &rArr; osMutexRelease &rArr; xQueueGenericSend &rArr; vTaskPlaceOnEventList &rArr; prvAddCurrentTaskToDelayedList &rArr; vListInsert
</UL>
<BR>[Calls]<UL><LI><a href="#[1dd]">&gt;&gt;</a>&nbsp;&nbsp;&nbsp;WM_GetDesktopWindow
<LI><a href="#[149]">&gt;&gt;</a>&nbsp;&nbsp;&nbsp;GUI_ALLOC_UnlockH
<LI><a href="#[148]">&gt;&gt;</a>&nbsp;&nbsp;&nbsp;GUI_ALLOC_LockH
<LI><a href="#[2c4]">&gt;&gt;</a>&nbsp;&nbsp;&nbsp;LCD_GetYSize
<LI><a href="#[2c3]">&gt;&gt;</a>&nbsp;&nbsp;&nbsp;LCD_GetXSize
<LI><a href="#[2f6]">&gt;&gt;</a>&nbsp;&nbsp;&nbsp;WM_GetWindowOrgX
<LI><a href="#[22a]">&gt;&gt;</a>&nbsp;&nbsp;&nbsp;GUI_MEMDEV_Select
<LI><a href="#[1cf]">&gt;&gt;</a>&nbsp;&nbsp;&nbsp;GUI_ALLOC_h2p
<LI><a href="#[23a]">&gt;&gt;</a>&nbsp;&nbsp;&nbsp;GUI_MEMDEV_SetOrg
<LI><a href="#[1ad]">&gt;&gt;</a>&nbsp;&nbsp;&nbsp;WM_SetSize
<LI><a href="#[98]">&gt;&gt;</a>&nbsp;&nbsp;&nbsp;WM__Paint1
<LI><a href="#[23d]">&gt;&gt;</a>&nbsp;&nbsp;&nbsp;GUI_MEMDEV_GetDataPtr
<LI><a href="#[22d]">&gt;&gt;</a>&nbsp;&nbsp;&nbsp;GUI_MEMDEV__CreateFixed
<LI><a href="#[29e]">&gt;&gt;</a>&nbsp;&nbsp;&nbsp;GUI__AlphaPreserveTrans
</UL>
<BR>[Called By]<UL><LI><a href="#[99]">&gt;&gt;</a>&nbsp;&nbsp;&nbsp;GUI_MEMDEV_Paint1Static
</UL>

<P><STRONG><a name="[11b]"></a>GUI_USAGE_BM_AddPixel</STRONG> (Thumb, 40 bytes, Stack size unknown bytes, GUIDEV_UsageBM.o(.text.GUI_USAGE_BM_AddPixel))
<BR>[Address Reference Count : 1]<UL><LI> GUIDEV_UsageBM.o(.rodata)
</UL>
<P><STRONG><a name="[11f]"></a>GUI_USAGE_BM_GetNextDirty</STRONG> (Thumb, 156 bytes, Stack size unknown bytes, GUIDEV_UsageBM.o(.text.GUI_USAGE_BM_GetNextDirty))
<BR>[Address Reference Count : 1]<UL><LI> GUIDEV_UsageBM.o(.rodata)
</UL>
<P><STRONG><a name="[11e]"></a>_GUI_USAGE_BM_Delete</STRONG> (Thumb, 4 bytes, Stack size unknown bytes, GUIDEV_UsageBM.o(.text._GUI_USAGE_BM_Delete))
<BR><BR>[Stack]<UL><LI>Max Depth = 128 + Unknown Stack Size
<LI>Call Chain = _GUI_USAGE_BM_Delete &rArr; GUI_ALLOC_Free &rArr; GUI_Unlock &rArr; GUI_X_Unlock &rArr; osMutexRelease &rArr; xQueueGenericSend &rArr; vTaskPlaceOnEventList &rArr; prvAddCurrentTaskToDelayedList &rArr; vListInsert
</UL>
<BR>[Calls]<UL><LI><a href="#[1c8]">&gt;&gt;</a>&nbsp;&nbsp;&nbsp;GUI_ALLOC_Free
</UL>
<BR>[Address Reference Count : 1]<UL><LI> GUIDEV_UsageBM.o(.rodata)
</UL>
<P><STRONG><a name="[11d]"></a>GUI_USAGE_BM_Clear</STRONG> (Thumb, 16 bytes, Stack size unknown bytes, GUIDEV_UsageBM.o(.text.GUI_USAGE_BM_Clear))
<BR><BR>[Stack]<UL><LI>Max Depth = 8 + Unknown Stack Size
<LI>Call Chain = GUI_USAGE_BM_Clear &rArr; memset
</UL>
<BR>[Calls]<UL><LI><a href="#[21]">&gt;&gt;</a>&nbsp;&nbsp;&nbsp;memset
</UL>
<BR>[Address Reference Count : 1]<UL><LI> GUIDEV_UsageBM.o(.rodata)
</UL>
<P><STRONG><a name="[11c]"></a>GUI_USAGE_BM_AddHLine</STRONG> (Thumb, 120 bytes, Stack size unknown bytes, GUIDEV_UsageBM.o(.text.GUI_USAGE_BM_AddHLine))
<BR><BR>[Stack]<UL><LI>Max Depth = 8 + Unknown Stack Size
<LI>Call Chain = GUI_USAGE_BM_AddHLine &rArr; memset
</UL>
<BR>[Calls]<UL><LI><a href="#[21]">&gt;&gt;</a>&nbsp;&nbsp;&nbsp;memset
</UL>
<BR>[Address Reference Count : 1]<UL><LI> GUIDEV_UsageBM.o(.rodata)
</UL>
<P><STRONG><a name="[24e]"></a>_ClipX</STRONG> (Thumb, 68 bytes, Stack size unknown bytes, GUIDEV_WriteToActiveAlpha.o(.text._ClipX))
<BR><BR>[Called By]<UL><LI><a href="#[97]">&gt;&gt;</a>&nbsp;&nbsp;&nbsp;GUI_MEMDEV__WriteToActiveAlpha
<LI><a href="#[24d]">&gt;&gt;</a>&nbsp;&nbsp;&nbsp;_WriteToActiveAlpha
</UL>

<P><STRONG><a name="[24f]"></a>_ClipY</STRONG> (Thumb, 68 bytes, Stack size unknown bytes, GUIDEV_WriteToActiveAlpha.o(.text._ClipY))
<BR><BR>[Called By]<UL><LI><a href="#[97]">&gt;&gt;</a>&nbsp;&nbsp;&nbsp;GUI_MEMDEV__WriteToActiveAlpha
<LI><a href="#[24d]">&gt;&gt;</a>&nbsp;&nbsp;&nbsp;_WriteToActiveAlpha
</UL>

<P><STRONG><a name="[24d]"></a>_WriteToActiveAlpha</STRONG> (Thumb, 328 bytes, Stack size unknown bytes, GUIDEV_WriteToActiveAlpha.o(.text._WriteToActiveAlpha))
<BR><BR>[Stack]<UL><LI>Max Depth = 128 + Unknown Stack Size
<LI>Call Chain = _WriteToActiveAlpha &rArr; GUI__AllocAlphaBuffer &rArr; GUI__GetAlphaBuffer &rArr; GUI_ALLOC_GetFixedBlock &rArr; _InitOnce &rArr; _EnlargeBlocks &rArr;  _Alloc (Cycle)
</UL>
<BR>[Calls]<UL><LI><a href="#[1b4]">&gt;&gt;</a>&nbsp;&nbsp;&nbsp;LCD_DrawBitmap
<LI><a href="#[149]">&gt;&gt;</a>&nbsp;&nbsp;&nbsp;GUI_ALLOC_UnlockH
<LI><a href="#[148]">&gt;&gt;</a>&nbsp;&nbsp;&nbsp;GUI_ALLOC_LockH
<LI><a href="#[2a1]">&gt;&gt;</a>&nbsp;&nbsp;&nbsp;GUI__CompactPixelIndicesEx
<LI><a href="#[29c]">&gt;&gt;</a>&nbsp;&nbsp;&nbsp;GUI__AllocAlphaBuffer
<LI><a href="#[2a8]">&gt;&gt;</a>&nbsp;&nbsp;&nbsp;GUI__DoAlphaBlending
<LI><a href="#[23d]">&gt;&gt;</a>&nbsp;&nbsp;&nbsp;GUI_MEMDEV_GetDataPtr
<LI><a href="#[24f]">&gt;&gt;</a>&nbsp;&nbsp;&nbsp;_ClipY
<LI><a href="#[24e]">&gt;&gt;</a>&nbsp;&nbsp;&nbsp;_ClipX
</UL>
<BR>[Called By]<UL><LI><a href="#[97]">&gt;&gt;</a>&nbsp;&nbsp;&nbsp;GUI_MEMDEV__WriteToActiveAlpha
</UL>

<P><STRONG><a name="[253]"></a>_Convert16</STRONG> (Thumb, 62 bytes, Stack size unknown bytes, GUIDEV_WriteToActiveOpaque.o(.text._Convert16))
<BR><BR>[Calls]<UL><LI><a href="#[332]">&gt;&gt;</a>&nbsp;&nbsp;&nbsp;GUI__CompactPixelIndices
</UL>
<BR>[Called By]<UL><LI><a href="#[96]">&gt;&gt;</a>&nbsp;&nbsp;&nbsp;GUI_MEMDEV__WriteToActiveOpaque
</UL>

<P><STRONG><a name="[254]"></a>_Convert8</STRONG> (Thumb, 66 bytes, Stack size unknown bytes, GUIDEV_WriteToActiveOpaque.o(.text._Convert8))
<BR><BR>[Calls]<UL><LI><a href="#[332]">&gt;&gt;</a>&nbsp;&nbsp;&nbsp;GUI__CompactPixelIndices
</UL>
<BR>[Called By]<UL><LI><a href="#[96]">&gt;&gt;</a>&nbsp;&nbsp;&nbsp;GUI_MEMDEV__WriteToActiveOpaque
</UL>

<P><STRONG><a name="[91]"></a>_cbInvalidateOne</STRONG> (Thumb, 4 bytes, Stack size unknown bytes, WM_BringToTop.o(.text._cbInvalidateOne))
<BR><BR>[Stack]<UL><LI>Max Depth = 128 + Unknown Stack Size
<LI>Call Chain = _cbInvalidateOne &rArr; WM_InvalidateWindow &rArr; WM_InvalidateRect &rArr; GUI_Unlock &rArr; GUI_X_Unlock &rArr; osMutexRelease &rArr; xQueueGenericSend &rArr; vTaskPlaceOnEventList &rArr; prvAddCurrentTaskToDelayedList &rArr; vListInsert
</UL>
<BR>[Calls]<UL><LI><a href="#[168]">&gt;&gt;</a>&nbsp;&nbsp;&nbsp;WM_InvalidateWindow
</UL>
<BR>[Address Reference Count : 1]<UL><LI> WM_BringToTop.o(.text.WM_BringToTop)
</UL>
<P><STRONG><a name="[326]"></a>_MoveDescendents</STRONG> (Thumb, 114 bytes, Stack size unknown bytes, WM_Move.o(.text._MoveDescendents))
<BR><BR>[Stack]<UL><LI>Max Depth = 8 + Unknown Stack Size
 + In Cycle
<LI>Call Chain = _MoveDescendents &rArr;  _MoveDescendents (Cycle)
</UL>
<BR>[Calls]<UL><LI><a href="#[149]">&gt;&gt;</a>&nbsp;&nbsp;&nbsp;GUI_ALLOC_UnlockH
<LI><a href="#[148]">&gt;&gt;</a>&nbsp;&nbsp;&nbsp;GUI_ALLOC_LockH
<LI><a href="#[163]">&gt;&gt;</a>&nbsp;&nbsp;&nbsp;GUI_MoveRect
<LI><a href="#[18a]">&gt;&gt;</a>&nbsp;&nbsp;&nbsp;WM__SendMessage
<LI><a href="#[21]">&gt;&gt;</a>&nbsp;&nbsp;&nbsp;memset
<LI><a href="#[326]">&gt;&gt;</a>&nbsp;&nbsp;&nbsp;_MoveDescendents
</UL>
<BR>[Called By]<UL><LI><a href="#[30e]">&gt;&gt;</a>&nbsp;&nbsp;&nbsp;WM__MoveWindow
<LI><a href="#[326]">&gt;&gt;</a>&nbsp;&nbsp;&nbsp;_MoveDescendents
</UL>

<P><STRONG><a name="[319]"></a>_GetNextChild</STRONG> (Thumb, 38 bytes, Stack size unknown bytes, WM_SetFocusOnNextChild.o(.text._GetNextChild))
<BR><BR>[Calls]<UL><LI><a href="#[1cf]">&gt;&gt;</a>&nbsp;&nbsp;&nbsp;GUI_ALLOC_h2p
</UL>
<BR>[Called By]<UL><LI><a href="#[18e]">&gt;&gt;</a>&nbsp;&nbsp;&nbsp;WM_SetFocusOnNextChild
</UL>

<P><STRONG><a name="[31a]"></a>_GetPrevChild</STRONG> (Thumb, 30 bytes, Stack size unknown bytes, WM_SetFocusOnPrevChild.o(.text._GetPrevChild))
<BR><BR>[Stack]<UL><LI>Max Depth = 128 + Unknown Stack Size
<LI>Call Chain = _GetPrevChild &rArr; WM__GetPrevSibling &rArr; WM__GetFirstSibling &rArr; WM_GetParent &rArr; GUI_Unlock &rArr; GUI_X_Unlock &rArr; osMutexRelease &rArr; xQueueGenericSend &rArr; vTaskPlaceOnEventList &rArr; prvAddCurrentTaskToDelayedList &rArr; vListInsert
</UL>
<BR>[Calls]<UL><LI><a href="#[2e1]">&gt;&gt;</a>&nbsp;&nbsp;&nbsp;WM__GetPrevSibling
<LI><a href="#[320]">&gt;&gt;</a>&nbsp;&nbsp;&nbsp;WM__GetLastSibling
</UL>
<BR>[Called By]<UL><LI><a href="#[1b1]">&gt;&gt;</a>&nbsp;&nbsp;&nbsp;WM_SetFocusOnPrevChild
</UL>

<P><STRONG><a name="[123]"></a>_DrawDownRect</STRONG> (Thumb, 56 bytes, Stack size unknown bytes, WIDGET_Effect_Simple.o(.text._DrawDownRect))
<BR><BR>[Stack]<UL><LI>Max Depth = 128 + Unknown Stack Size
<LI>Call Chain = _DrawDownRect &rArr; GUI_DrawRect &rArr; GUI_Unlock &rArr; GUI_X_Unlock &rArr; osMutexRelease &rArr; xQueueGenericSend &rArr; vTaskPlaceOnEventList &rArr; prvAddCurrentTaskToDelayedList &rArr; vListInsert
</UL>
<BR>[Calls]<UL><LI><a href="#[15d]">&gt;&gt;</a>&nbsp;&nbsp;&nbsp;GUI_DrawRect
<LI><a href="#[280]">&gt;&gt;</a>&nbsp;&nbsp;&nbsp;LCD_SetColor
<LI><a href="#[277]">&gt;&gt;</a>&nbsp;&nbsp;&nbsp;GUI_RestoreContext
<LI><a href="#[27e]">&gt;&gt;</a>&nbsp;&nbsp;&nbsp;GUI_SaveContext_W
</UL>
<BR>[Called By]<UL><LI><a href="#[122]">&gt;&gt;</a>&nbsp;&nbsp;&nbsp;_DrawDown
<LI><a href="#[121]">&gt;&gt;</a>&nbsp;&nbsp;&nbsp;_DrawUpRect
</UL>
<BR>[Address Reference Count : 1]<UL><LI> WIDGET_Effect_Simple.o(.rodata)
</UL>
<P><STRONG><a name="[121]"></a>_DrawUpRect</STRONG> (Thumb, 4 bytes, Stack size unknown bytes, WIDGET_Effect_Simple.o(.text._DrawUpRect))
<BR><BR>[Stack]<UL><LI>Max Depth = 128 + Unknown Stack Size
<LI>Call Chain = _DrawUpRect &rArr; _DrawDownRect &rArr; GUI_DrawRect &rArr; GUI_Unlock &rArr; GUI_X_Unlock &rArr; osMutexRelease &rArr; xQueueGenericSend &rArr; vTaskPlaceOnEventList &rArr; prvAddCurrentTaskToDelayedList &rArr; vListInsert
</UL>
<BR>[Calls]<UL><LI><a href="#[123]">&gt;&gt;</a>&nbsp;&nbsp;&nbsp;_DrawDownRect
</UL>
<BR>[Address Reference Count : 1]<UL><LI> WIDGET_Effect_Simple.o(.rodata)
</UL>
<P><STRONG><a name="[122]"></a>_DrawDown</STRONG> (Thumb, 20 bytes, Stack size unknown bytes, WIDGET_Effect_Simple.o(.text._DrawDown))
<BR><BR>[Stack]<UL><LI>Max Depth = 128 + Unknown Stack Size
<LI>Call Chain = _DrawDown &rArr; WM_GetClientRect &rArr; GUI_Unlock &rArr; GUI_X_Unlock &rArr; osMutexRelease &rArr; xQueueGenericSend &rArr; vTaskPlaceOnEventList &rArr; prvAddCurrentTaskToDelayedList &rArr; vListInsert
</UL>
<BR>[Calls]<UL><LI><a href="#[210]">&gt;&gt;</a>&nbsp;&nbsp;&nbsp;WM_GetClientRect
<LI><a href="#[123]">&gt;&gt;</a>&nbsp;&nbsp;&nbsp;_DrawDownRect
</UL>
<BR>[Called By]<UL><LI><a href="#[120]">&gt;&gt;</a>&nbsp;&nbsp;&nbsp;_DrawUp
</UL>
<BR>[Address Reference Count : 1]<UL><LI> WIDGET_Effect_Simple.o(.rodata)
</UL>
<P><STRONG><a name="[120]"></a>_DrawUp</STRONG> (Thumb, 4 bytes, Stack size unknown bytes, WIDGET_Effect_Simple.o(.text._DrawUp))
<BR><BR>[Stack]<UL><LI>Max Depth = 128 + Unknown Stack Size
<LI>Call Chain = _DrawUp &rArr; _DrawDown &rArr; WM_GetClientRect &rArr; GUI_Unlock &rArr; GUI_X_Unlock &rArr; osMutexRelease &rArr; xQueueGenericSend &rArr; vTaskPlaceOnEventList &rArr; prvAddCurrentTaskToDelayedList &rArr; vListInsert
</UL>
<BR>[Calls]<UL><LI><a href="#[122]">&gt;&gt;</a>&nbsp;&nbsp;&nbsp;_DrawDown
</UL>
<BR>[Address Reference Count : 1]<UL><LI> WIDGET_Effect_Simple.o(.rodata)
</UL>
<P><STRONG><a name="[126]"></a>_GetIndexMask_0</STRONG> (Thumb, 82 bytes, Stack size unknown bytes, GUICC_0.o(.text._GetIndexMask_0))
<BR><BR>[Calls]<UL><LI><a href="#[2bc]">&gt;&gt;</a>&nbsp;&nbsp;&nbsp;LCD_GetNumColors
</UL>
<BR>[Address Reference Count : 1]<UL><LI> GUICC_0.o(.rodata)
</UL>
<P><STRONG><a name="[125]"></a>_Index2Color_0</STRONG> (Thumb, 30 bytes, Stack size unknown bytes, GUICC_0.o(.text._Index2Color_0))
<BR><BR>[Calls]<UL><LI><a href="#[2bf]">&gt;&gt;</a>&nbsp;&nbsp;&nbsp;LCD_GetPalette
<LI><a href="#[2bc]">&gt;&gt;</a>&nbsp;&nbsp;&nbsp;LCD_GetNumColors
</UL>
<BR>[Address Reference Count : 1]<UL><LI> GUICC_0.o(.rodata)
</UL>
<P><STRONG><a name="[124]"></a>_Color2Index_0</STRONG> (Thumb, 82 bytes, Stack size unknown bytes, GUICC_0.o(.text._Color2Index_0))
<BR><BR>[Calls]<UL><LI><a href="#[2bf]">&gt;&gt;</a>&nbsp;&nbsp;&nbsp;LCD_GetPalette
<LI><a href="#[2bc]">&gt;&gt;</a>&nbsp;&nbsp;&nbsp;LCD_GetNumColors
<LI><a href="#[331]">&gt;&gt;</a>&nbsp;&nbsp;&nbsp;GUI_CalcColorDist
</UL>
<BR>[Address Reference Count : 1]<UL><LI> GUICC_0.o(.rodata)
</UL>
<P><STRONG><a name="[89]"></a>_OnExit</STRONG> (Thumb, 24 bytes, Stack size unknown bytes, GUI_PID.o(.text._OnExit))
<BR>[Address Reference Count : 1]<UL><LI> GUI_PID.o(.text.GUI_PID_StoreState)
</UL>
<P><STRONG><a name="[312]"></a>_Screen2hWin</STRONG> (Thumb, 96 bytes, Stack size unknown bytes, WM_Screen2Win.o(.text._Screen2hWin))
<BR><BR>[Calls]<UL><LI><a href="#[149]">&gt;&gt;</a>&nbsp;&nbsp;&nbsp;GUI_ALLOC_UnlockH
<LI><a href="#[148]">&gt;&gt;</a>&nbsp;&nbsp;&nbsp;GUI_ALLOC_LockH
<LI><a href="#[1cf]">&gt;&gt;</a>&nbsp;&nbsp;&nbsp;GUI_ALLOC_h2p
<LI><a href="#[345]">&gt;&gt;</a>&nbsp;&nbsp;&nbsp;WM__IsInWindow
<LI><a href="#[312]">&gt;&gt;</a>&nbsp;&nbsp;&nbsp;_Screen2hWin
</UL>
<BR>[Called By]<UL><LI><a href="#[312]">&gt;&gt;</a>&nbsp;&nbsp;&nbsp;_Screen2hWin
<LI><a href="#[2fd]">&gt;&gt;</a>&nbsp;&nbsp;&nbsp;WM_Screen2hWin
</UL>

<P><STRONG><a name="[30f]"></a>WM__ReleaseCapture</STRONG> (Thumb, 48 bytes, Stack size unknown bytes, WM_SetCapture.o(.text.WM__ReleaseCapture))
<BR><BR>[Calls]<UL><LI><a href="#[18a]">&gt;&gt;</a>&nbsp;&nbsp;&nbsp;WM__SendMessage
</UL>
<BR>[Called By]<UL><LI><a href="#[301]">&gt;&gt;</a>&nbsp;&nbsp;&nbsp;WM_ReleaseCapture
<LI><a href="#[315]">&gt;&gt;</a>&nbsp;&nbsp;&nbsp;WM_SetCapture
</UL>

<P><STRONG><a name="[279]"></a>_CreateBuffer</STRONG> (Thumb, 170 bytes, Stack size unknown bytes, GUI_SPRITE.o(.text._CreateBuffer))
<BR><BR>[Stack]<UL><LI>Max Depth = 128 + Unknown Stack Size
<LI>Call Chain = _CreateBuffer &rArr; GUI_ALLOC_AllocNoInit &rArr; _Alloc &rArr; _InitOnce &rArr; _EnlargeBlocks &rArr;  _Alloc (Cycle)
</UL>
<BR>[Calls]<UL><LI><a href="#[148]">&gt;&gt;</a>&nbsp;&nbsp;&nbsp;GUI_ALLOC_LockH
<LI><a href="#[1c5]">&gt;&gt;</a>&nbsp;&nbsp;&nbsp;GUI_ALLOC_AllocNoInit
<LI><a href="#[22c]">&gt;&gt;</a>&nbsp;&nbsp;&nbsp;GUI_DEVICE__GetpDriver
<LI><a href="#[1ce]">&gt;&gt;</a>&nbsp;&nbsp;&nbsp;GUI_ALLOC_GetMaxSize
</UL>
<BR>[Called By]<UL><LI><a href="#[1d6]">&gt;&gt;</a>&nbsp;&nbsp;&nbsp;GUI_SPRITE_SetPosition
</UL>

<P><STRONG><a name="[27a]"></a>_GetBkIndex.isra.0</STRONG> (Thumb, 112 bytes, Stack size unknown bytes, GUI_SPRITE.o(.text._GetBkIndex.isra.0))
<BR><BR>[Calls]<UL><LI><a href="#[20a]">&gt;&gt;</a>&nbsp;&nbsp;&nbsp;GUI_GetBitmapPixelIndex
</UL>
<BR>[Called By]<UL><LI><a href="#[1d6]">&gt;&gt;</a>&nbsp;&nbsp;&nbsp;GUI_SPRITE_SetPosition
</UL>

<P><STRONG><a name="[27c]"></a>_GetBkIndexAlpha.isra.2</STRONG> (Thumb, 118 bytes, Stack size unknown bytes, GUI_SPRITE.o(.text._GetBkIndexAlpha.isra.2))
<BR><BR>[Calls]<UL><LI><a href="#[20a]">&gt;&gt;</a>&nbsp;&nbsp;&nbsp;GUI_GetBitmapPixelIndex
</UL>
<BR>[Called By]<UL><LI><a href="#[1d6]">&gt;&gt;</a>&nbsp;&nbsp;&nbsp;GUI_SPRITE_SetPosition
</UL>

<P><STRONG><a name="[278]"></a>_GetDeviceRect</STRONG> (Thumb, 60 bytes, Stack size unknown bytes, GUI_SPRITE.o(.text._GetDeviceRect))
<BR><BR>[Calls]<UL><LI><a href="#[234]">&gt;&gt;</a>&nbsp;&nbsp;&nbsp;LCD_GetYSizeEx
<LI><a href="#[233]">&gt;&gt;</a>&nbsp;&nbsp;&nbsp;LCD_GetXSizeEx
</UL>
<BR>[Called By]<UL><LI><a href="#[1d6]">&gt;&gt;</a>&nbsp;&nbsp;&nbsp;GUI_SPRITE_SetPosition
</UL>

<P><STRONG><a name="[33a]"></a>_FlushBuffer.isra.5</STRONG> (Thumb, 122 bytes, Stack size unknown bytes, GUI_SPRITE.o(.text._FlushBuffer.isra.5))
<BR><BR>[Calls]<UL><LI><a href="#[332]">&gt;&gt;</a>&nbsp;&nbsp;&nbsp;GUI__CompactPixelIndices
</UL>
<BR>[Called By]<UL><LI><a href="#[27d]">&gt;&gt;</a>&nbsp;&nbsp;&nbsp;_ReleaseBuffer.isra.6
<LI><a href="#[27b]">&gt;&gt;</a>&nbsp;&nbsp;&nbsp;_SetBkIndexBuffered
</UL>

<P><STRONG><a name="[27b]"></a>_SetBkIndexBuffered</STRONG> (Thumb, 68 bytes, Stack size unknown bytes, GUI_SPRITE.o(.text._SetBkIndexBuffered))
<BR><BR>[Calls]<UL><LI><a href="#[33a]">&gt;&gt;</a>&nbsp;&nbsp;&nbsp;_FlushBuffer.isra.5
</UL>
<BR>[Called By]<UL><LI><a href="#[1d6]">&gt;&gt;</a>&nbsp;&nbsp;&nbsp;GUI_SPRITE_SetPosition
</UL>

<P><STRONG><a name="[27d]"></a>_ReleaseBuffer.isra.6</STRONG> (Thumb, 30 bytes, Stack size unknown bytes, GUI_SPRITE.o(.text._ReleaseBuffer.isra.6))
<BR><BR>[Stack]<UL><LI>Max Depth = 128 + Unknown Stack Size
<LI>Call Chain = _ReleaseBuffer.isra.6 &rArr; GUI_ALLOC_Free &rArr; GUI_Unlock &rArr; GUI_X_Unlock &rArr; osMutexRelease &rArr; xQueueGenericSend &rArr; vTaskPlaceOnEventList &rArr; prvAddCurrentTaskToDelayedList &rArr; vListInsert
</UL>
<BR>[Calls]<UL><LI><a href="#[149]">&gt;&gt;</a>&nbsp;&nbsp;&nbsp;GUI_ALLOC_UnlockH
<LI><a href="#[1c8]">&gt;&gt;</a>&nbsp;&nbsp;&nbsp;GUI_ALLOC_Free
<LI><a href="#[33a]">&gt;&gt;</a>&nbsp;&nbsp;&nbsp;_FlushBuffer.isra.5
</UL>
<BR>[Called By]<UL><LI><a href="#[1d6]">&gt;&gt;</a>&nbsp;&nbsp;&nbsp;GUI_SPRITE_SetPosition
</UL>

<P><STRONG><a name="[49c]"></a>_printf_core</STRONG> (Thumb, 996 bytes, Stack size 104 bytes, printf8.o(i._printf_core), UNUSED)
<BR><BR>[Calls]<UL><LI><a href="#[12a]">&gt;&gt;</a>&nbsp;&nbsp;&nbsp;__aeabi_uldivmod
<LI><a href="#[4b7]">&gt;&gt;</a>&nbsp;&nbsp;&nbsp;_printf_pre_padding
<LI><a href="#[4b8]">&gt;&gt;</a>&nbsp;&nbsp;&nbsp;_printf_post_padding
</UL>
<BR>[Called By]<UL><LI><a href="#[49d]">&gt;&gt;</a>&nbsp;&nbsp;&nbsp;__0sprintf$8
<LI><a href="#[49b]">&gt;&gt;</a>&nbsp;&nbsp;&nbsp;__0printf$8
</UL>

<P><STRONG><a name="[4b8]"></a>_printf_post_padding</STRONG> (Thumb, 36 bytes, Stack size 24 bytes, printf8.o(i._printf_post_padding), UNUSED)
<BR><BR>[Called By]<UL><LI><a href="#[49c]">&gt;&gt;</a>&nbsp;&nbsp;&nbsp;_printf_core
</UL>

<P><STRONG><a name="[4b7]"></a>_printf_pre_padding</STRONG> (Thumb, 46 bytes, Stack size 24 bytes, printf8.o(i._printf_pre_padding), UNUSED)
<BR><BR>[Called By]<UL><LI><a href="#[49c]">&gt;&gt;</a>&nbsp;&nbsp;&nbsp;_printf_core
</UL>

<P><STRONG><a name="[af]"></a>_sputc</STRONG> (Thumb, 10 bytes, Stack size 0 bytes, printf8.o(i._sputc))
<BR><BR>[Called By]<UL><LI><a href="#[49d]">&gt;&gt;</a>&nbsp;&nbsp;&nbsp;__0sprintf$8
</UL>
<BR>[Address Reference Count : 1]<UL><LI> printf8.o(i.__0sprintf$8)
</UL>
<P><STRONG><a name="[13d]"></a>_local_sscanf</STRONG> (Thumb, 54 bytes, Stack size 56 bytes, strtod.o(.text))
<BR><BR>[Stack]<UL><LI>Max Depth = 160<LI>Call Chain = _local_sscanf &rArr; _scanf_real
</UL>
<BR>[Calls]<UL><LI><a href="#[13e]">&gt;&gt;</a>&nbsp;&nbsp;&nbsp;_scanf_real
</UL>
<BR>[Called By]<UL><LI><a href="#[13f]">&gt;&gt;</a>&nbsp;&nbsp;&nbsp;__strtod_int
</UL>

<P><STRONG><a name="[142]"></a>_fp_value</STRONG> (Thumb, 296 bytes, Stack size 64 bytes, scanf_fp.o(.text), UNUSED)
<BR><BR>[Calls]<UL><LI><a href="#[135]">&gt;&gt;</a>&nbsp;&nbsp;&nbsp;__aeabi_dmul
<LI><a href="#[136]">&gt;&gt;</a>&nbsp;&nbsp;&nbsp;__aeabi_ddiv
<LI><a href="#[143]">&gt;&gt;</a>&nbsp;&nbsp;&nbsp;__aeabi_ul2d
</UL>
<BR>[Called By]<UL><LI><a href="#[144]">&gt;&gt;</a>&nbsp;&nbsp;&nbsp;_scanf_really_real
</UL>
<P>
<H3>
Undefined Global Symbols
</H3><HR></body></html>
